Archive member included to satisfy reference by file (symbol)

C:\Users\johnr\dev\external\nrf5_sdk\components\toolchain\cmsis\dsp\GCC\libarm_cortexM4lf_math.a(arm_const_structs.o)
                              ./src/modules/LedModule.o (arm_cfft_sR_f32_len256)
C:\Users\johnr\dev\external\nrf5_sdk\components\toolchain\cmsis\dsp\GCC\libarm_cortexM4lf_math.a(arm_common_tables.o)
                              C:\Users\johnr\dev\external\nrf5_sdk\components\toolchain\cmsis\dsp\GCC\libarm_cortexM4lf_math.a(arm_const_structs.o) (armBitRevIndexTable_fixed_4096)
C:\Users\johnr\dev\external\nrf5_sdk\components\toolchain\cmsis\dsp\GCC\libarm_cortexM4lf_math.a(arm_cfft_f32.o)
                              ./src/modules/LedModule.o (arm_cfft_f32)
C:\Users\johnr\dev\external\nrf5_sdk\components\toolchain\cmsis\dsp\GCC\libarm_cortexM4lf_math.a(arm_cmplx_mag_f32.o)
                              ./src/modules/LedModule.o (arm_cmplx_mag_f32)
C:\Users\johnr\dev\external\nrf5_sdk\components\toolchain\cmsis\dsp\GCC\libarm_cortexM4lf_math.a(arm_bitreversal2.o)
                              C:\Users\johnr\dev\external\nrf5_sdk\components\toolchain\cmsis\dsp\GCC\libarm_cortexM4lf_math.a(arm_cfft_f32.o) (arm_bitreversal_32)
C:\Users\johnr\dev\external\nrf5_sdk\components\toolchain\cmsis\dsp\GCC\libarm_cortexM4lf_math.a(arm_cfft_radix8_f32.o)
                              C:\Users\johnr\dev\external\nrf5_sdk\components\toolchain\cmsis\dsp\GCC\libarm_cortexM4lf_math.a(arm_cfft_f32.o) (arm_radix8_butterfly_f32)
c:/program files (x86)/gnu tools arm embedded/5.4 2016q3/bin/../lib/gcc/arm-none-eabi/5.4.1/../../../../arm-none-eabi/lib/armv7e-m/fpu\libstdc++_nano.a(del_opv.o)
                              ./src/devices/fatfs.o (operator delete[](void*))
c:/program files (x86)/gnu tools arm embedded/5.4 2016q3/bin/../lib/gcc/arm-none-eabi/5.4.1/../../../../arm-none-eabi/lib/armv7e-m/fpu\libstdc++_nano.a(del_op.o)
                              ./src/modules/LedModule.o (operator delete(void*))
c:/program files (x86)/gnu tools arm embedded/5.4 2016q3/bin/../lib/gcc/arm-none-eabi/5.4.1/../../../../arm-none-eabi/lib/armv7e-m/fpu\libstdc++_nano.a(new_op.o)
                              ./src/modules/LedModule.o (operator new(unsigned int))
c:/program files (x86)/gnu tools arm embedded/5.4 2016q3/bin/../lib/gcc/arm-none-eabi/5.4.1/../../../../arm-none-eabi/lib/armv7e-m/fpu\libstdc++_nano.a(new_opv.o)
                              ./src/modules/LedModule.o (operator new[](unsigned int))
c:/program files (x86)/gnu tools arm embedded/5.4 2016q3/bin/../lib/gcc/arm-none-eabi/5.4.1/../../../../arm-none-eabi/lib/armv7e-m/fpu\libstdc++_nano.a(new_handler.o)
                              c:/program files (x86)/gnu tools arm embedded/5.4 2016q3/bin/../lib/gcc/arm-none-eabi/5.4.1/../../../../arm-none-eabi/lib/armv7e-m/fpu\libstdc++_nano.a(new_op.o) (std::get_new_handler())
c:/program files (x86)/gnu tools arm embedded/5.4 2016q3/bin/../lib/gcc/arm-none-eabi/5.4.1/../../../../arm-none-eabi/lib/armv7e-m/fpu\libm.a(lib_a-wf_sqrt.o)
                              C:\Users\johnr\dev\external\nrf5_sdk\components\toolchain\cmsis\dsp\GCC\libarm_cortexM4lf_math.a(arm_cmplx_mag_f32.o) (sqrtf)
c:/program files (x86)/gnu tools arm embedded/5.4 2016q3/bin/../lib/gcc/arm-none-eabi/5.4.1/../../../../arm-none-eabi/lib/armv7e-m/fpu\libm.a(lib_a-ef_sqrt.o)
                              c:/program files (x86)/gnu tools arm embedded/5.4 2016q3/bin/../lib/gcc/arm-none-eabi/5.4.1/../../../../arm-none-eabi/lib/armv7e-m/fpu\libm.a(lib_a-wf_sqrt.o) (__ieee754_sqrtf)
c:/program files (x86)/gnu tools arm embedded/5.4 2016q3/bin/../lib/gcc/arm-none-eabi/5.4.1/../../../../arm-none-eabi/lib/armv7e-m/fpu\libm.a(lib_a-s_lib_ver.o)
                              c:/program files (x86)/gnu tools arm embedded/5.4 2016q3/bin/../lib/gcc/arm-none-eabi/5.4.1/../../../../arm-none-eabi/lib/armv7e-m/fpu\libm.a(lib_a-wf_sqrt.o) (__fdlib_version)
c:/program files (x86)/gnu tools arm embedded/5.4 2016q3/bin/../lib/gcc/arm-none-eabi/5.4.1/../../../../arm-none-eabi/lib/armv7e-m/fpu\libm.a(lib_a-s_matherr.o)
                              c:/program files (x86)/gnu tools arm embedded/5.4 2016q3/bin/../lib/gcc/arm-none-eabi/5.4.1/../../../../arm-none-eabi/lib/armv7e-m/fpu\libm.a(lib_a-wf_sqrt.o) (matherr)
c:/program files (x86)/gnu tools arm embedded/5.4 2016q3/bin/../lib/gcc/arm-none-eabi/5.4.1/armv7e-m/fpu\libgcc.a(_arm_addsubdf3.o)
                              c:/program files (x86)/gnu tools arm embedded/5.4 2016q3/bin/../lib/gcc/arm-none-eabi/5.4.1/../../../../arm-none-eabi/lib/armv7e-m/fpu\libm.a(lib_a-wf_sqrt.o) (__aeabi_f2d)
c:/program files (x86)/gnu tools arm embedded/5.4 2016q3/bin/../lib/gcc/arm-none-eabi/5.4.1/armv7e-m/fpu\libgcc.a(_arm_muldivdf3.o)
                              c:/program files (x86)/gnu tools arm embedded/5.4 2016q3/bin/../lib/gcc/arm-none-eabi/5.4.1/../../../../arm-none-eabi/lib/armv7e-m/fpu\libm.a(lib_a-wf_sqrt.o) (__aeabi_ddiv)
[...]
Memory Configuration

Name             Origin             Length             Attributes
FLASH            0x00000000         0x00080000         xr
RAM              0x20000000         0x00010000         xrw
*default*        0x00000000         0xffffffff

Linker script and memory map

LOAD c:/program files (x86)/gnu tools arm embedded/5.4 2016q3/bin/../lib/gcc/arm-none-eabi/5.4.1/armv7e-m/fpu/crti.o
LOAD c:/program files (x86)/gnu tools arm embedded/5.4 2016q3/bin/../lib/gcc/arm-none-eabi/5.4.1/armv7e-m/fpu/crtbegin.o
LOAD c:/program files (x86)/gnu tools arm embedded/5.4 2016q3/bin/../lib/gcc/arm-none-eabi/5.4.1/../../../../arm-none-eabi/lib/armv7e-m/fpu/crt0.o
LOAD ./src/utility/LedWrapper.o
LOAD ./src/utility/SimpleBuffer.o
LOAD ./src/utility/SimplePushStack.o
LOAD ./src/utility/SimpleQueue.o
LOAD ./src/nrf51_peripherals/I2C_LIB.o
LOAD ./src/nrf51_peripherals/SPI_bus.o
LOAD ./src/nrf51_peripherals/SPI_slave.o
LOAD ./src/nrf/app_error.o
LOAD ./src/nrf/app_error_weak.o
LOAD ./src/nrf/app_gpiote.o
LOAD ./src/nrf/app_sdcard.o
LOAD ./src/nrf/app_timer.o
LOAD ./src/nrf/app_util_platform.o
LOAD ./src/nrf/diskio.o
LOAD ./src/nrf/ff.o
LOAD ./src/nrf/gcc_startup_nrf52.o
LOAD ./src/nrf/i2c_api.o
LOAD ./src/nrf/nrf_drv_clock.o
LOAD ./src/nrf/nrf_drv_common.o
LOAD ./src/nrf/nrf_drv_gpiote.o
LOAD ./src/nrf/nrf_drv_pdm.o
LOAD ./src/nrf/nrf_drv_uart.o
LOAD ./src/nrf/softdevice_handler.o
LOAD ./src/nrf/system_nrf52.o
LOAD ./src/modules/LedModule.o
LOAD ./src/modules/Module.o
LOAD ./src/devices/NeoCore.o
LOAD ./src/devices/fatfs.o
LOAD ./src/main.o
LOAD C:\Users\johnr\dev\external\nrf5_sdk\components\toolchain\cmsis\dsp\GCC\libarm_cortexM4lf_math.a
LOAD c:/program files (x86)/gnu tools arm embedded/5.4 2016q3/bin/../lib/gcc/arm-none-eabi/5.4.1/../../../../arm-none-eabi/lib/armv7e-m/fpu\libstdc++_nano.a
LOAD c:/program files (x86)/gnu tools arm embedded/5.4 2016q3/bin/../lib/gcc/arm-none-eabi/5.4.1/../../../../arm-none-eabi/lib/armv7e-m/fpu\libm.a
START GROUP
LOAD c:/program files (x86)/gnu tools arm embedded/5.4 2016q3/bin/../lib/gcc/arm-none-eabi/5.4.1/armv7e-m/fpu\libgcc.a
LOAD c:/program files (x86)/gnu tools arm embedded/5.4 2016q3/bin/../lib/gcc/arm-none-eabi/5.4.1/../../../../arm-none-eabi/lib/armv7e-m/fpu\libg_nano.a
LOAD c:/program files (x86)/gnu tools arm embedded/5.4 2016q3/bin/../lib/gcc/arm-none-eabi/5.4.1/../../../../arm-none-eabi/lib/armv7e-m/fpu\libc_nano.a
END GROUP
START GROUP
LOAD c:/program files (x86)/gnu tools arm embedded/5.4 2016q3/bin/../lib/gcc/arm-none-eabi/5.4.1/armv7e-m/fpu\libgcc.a
LOAD c:/program files (x86)/gnu tools arm embedded/5.4 2016q3/bin/../lib/gcc/arm-none-eabi/5.4.1/../../../../arm-none-eabi/lib/armv7e-m/fpu\libc_nano.a
END GROUP
LOAD c:/program files (x86)/gnu tools arm embedded/5.4 2016q3/bin/../lib/gcc/arm-none-eabi/5.4.1/armv7e-m/fpu/crtend.o
LOAD c:/program files (x86)/gnu tools arm embedded/5.4 2016q3/bin/../lib/gcc/arm-none-eabi/5.4.1/armv7e-m/fpu/crtn.o
START GROUP
LOAD c:/program files (x86)/gnu tools arm embedded/5.4 2016q3/bin/../lib/gcc/arm-none-eabi/5.4.1/armv7e-m/fpu\libgcc.a
LOAD c:/program files (x86)/gnu tools arm embedded/5.4 2016q3/bin/../lib/gcc/arm-none-eabi/5.4.1/../../../../arm-none-eabi/lib/armv7e-m/fpu\libc.a
LOAD c:/program files (x86)/gnu tools arm embedded/5.4 2016q3/bin/../lib/gcc/arm-none-eabi/5.4.1/../../../../arm-none-eabi/lib/armv7e-m/fpu\libnosys.a
END GROUP

.text           0x00000000     0x6e70
 *(.isr_vector)
 .isr_vector    0x00000000      0x200 ./src/nrf/gcc_startup_nrf52.o
                0x00000000                __isr_vector
 *(.text*)
 .text          0x00000200       0x5c c:/program files (x86)/gnu tools arm embedded/5.4 2016q3/bin/../lib/gcc/arm-none-eabi/5.4.1/armv7e-m/fpu/crtbegin.o
 .text          0x0000025c       0x74 c:/program files (x86)/gnu tools arm embedded/5.4 2016q3/bin/../lib/gcc/arm-none-eabi/5.4.1/../../../../arm-none-eabi/lib/armv7e-m/fpu/crt0.o
                0x0000025c                _start
                0x0000025c                _mainCRTStartup
 .text._ZN10LedWrapperC2Emb
                0x000002d0       0x38 ./src/utility/LedWrapper.o
                0x000002d0                LedWrapper::LedWrapper(unsigned long, bool)
                0x000002d0                LedWrapper::LedWrapper(unsigned long, bool)
 .text._ZN10LedWrapper2OnEv
                0x00000308       0x20 ./src/utility/LedWrapper.o
                0x00000308                LedWrapper::On()
 .text._ZN10LedWrapper6ToggleEv
                0x00000328       0x18 ./src/utility/LedWrapper.o
                0x00000328                LedWrapper::Toggle()
 .text._ZN10LedWrapper13ToggleOnForMsEm
                0x00000340       0xb0 ./src/utility/LedWrapper.o
                0x00000340                LedWrapper::ToggleOnForMs(unsigned long)
 .text._ZN7SPI_busC2Ehhh
                0x000003f0       0x60 ./src/nrf51_peripherals/SPI_bus.o
                0x000003f0                SPI_bus::SPI_bus(unsigned char, unsigned char, unsigned char)
                0x000003f0                SPI_bus::SPI_bus(unsigned char, unsigned char, unsigned char)
 .text._ZN7SPI_bus14changeBusSpeedE14spi_bus_speeds
                0x00000450        0xc ./src/nrf51_peripherals/SPI_bus.o
                0x00000450                SPI_bus::changeBusSpeed(spi_bus_speeds)
 .text._ZN7SPI_bus11clearSpiBusEv
                0x0000045c       0x24 ./src/nrf51_peripherals/SPI_bus.o
                0x0000045c                SPI_bus::clearSpiBus()
 .text._ZN7SPI_bus8busWriteEh
                0x00000480       0x24 ./src/nrf51_peripherals/SPI_bus.o
                0x00000480                SPI_bus::busWrite(unsigned char)
 .text._ZN7SPI_bus8busWriteEPhm
                0x000004a4       0x60 ./src/nrf51_peripherals/SPI_bus.o
                0x000004a4                SPI_bus::busWrite(unsigned char*, unsigned long)
 .text._ZN7SPI_bus10busMB_ReadEPhm
                0x00000504       0x38 ./src/nrf51_peripherals/SPI_bus.o
                0x00000504                SPI_bus::busMB_Read(unsigned char*, unsigned long)
 .text._ZN7SPI_bus17busMB_Read_sendffEPhm
                0x0000053c       0x38 ./src/nrf51_peripherals/SPI_bus.o
                0x0000053c                SPI_bus::busMB_Read_sendff(unsigned char*, unsigned long)
 .text._ZN9SPI_slaveC2EP7SPI_bush
                0x00000574       0x2c ./src/nrf51_peripherals/SPI_slave.o
                0x00000574                SPI_slave::SPI_slave(SPI_bus*, unsigned char)
                0x00000574                SPI_slave::SPI_slave(SPI_bus*, unsigned char)
 .text.app_error_handler_bare
                0x000005a0       0x20 ./src/nrf/app_error.o
                0x000005a0                app_error_handler_bare
 .text.app_error_fault_handler
                0x000005c0       0x24 ./src/nrf/app_error_weak.o
                0x000005c0                app_error_fault_handler
 .text.rtc1_init
                0x000005e4       0x18 ./src/nrf/app_timer.o
 .text.timer_list_insert
                0x000005fc       0x4c ./src/nrf/app_timer.o
 .text.timer_list_remove
                0x00000648       0xf4 ./src/nrf/app_timer.o
 .text.timer_timeouts_check_sched
                0x0000073c       0x10 ./src/nrf/app_timer.o
 .text.timer_list_handler_sched
                0x0000074c       0x10 ./src/nrf/app_timer.o
 .text.timeout_handler_exec
                0x0000075c        0xc ./src/nrf/app_timer.o
 .text.timer_timeouts_check
                0x00000768       0x84 ./src/nrf/app_timer.o
 .text.elapsed_ticks_acquire
                0x000007ec       0x54 ./src/nrf/app_timer.o
 .text.expired_timers_handler
                0x00000840       0x44 ./src/nrf/app_timer.o
 .text.list_insertions_handler
                0x00000884      0x118 ./src/nrf/app_timer.o
 .text.user_op_enque
                0x0000099c        0xc ./src/nrf/app_timer.o
 .text.user_op_alloc
                0x000009a8       0x34 ./src/nrf/app_timer.o
 .text.timer_start_op_schedule
                0x000009dc       0x54 ./src/nrf/app_timer.o
 .text.rtc1_start
                0x00000a30       0xb8 ./src/nrf/app_timer.o
 .text.rtc1_stop
                0x00000ae8      0x144 ./src/nrf/app_timer.o
 .text.compare_reg_update
                0x00000c2c      0x100 ./src/nrf/app_timer.o
 .text.timer_list_handler
                0x00000d2c       0x50 ./src/nrf/app_timer.o
 .text.RTC1_IRQHandler
                0x00000d7c       0x28 ./src/nrf/app_timer.o
                0x00000d7c                RTC1_IRQHandler
 .text.SWI0_EGU0_IRQHandler
                0x00000da4        0x8 ./src/nrf/app_timer.o
                0x00000da4                SWI0_EGU0_IRQHandler
 .text.app_timer_init
                0x00000dac       0x60 ./src/nrf/app_timer.o
                0x00000dac                app_timer_init
 .text.app_timer_create
                0x00000e0c       0x2c ./src/nrf/app_timer.o
                0x00000e0c                app_timer_create
 .text.app_timer_start
                0x00000e38       0x3c ./src/nrf/app_timer.o
                0x00000e38                app_timer_start
 .text.app_util_disable_irq
                0x00000e74       0x10 ./src/nrf/app_util_platform.o
                0x00000e74                app_util_disable_irq
 .text.app_util_enable_irq
                0x00000e84       0x14 ./src/nrf/app_util_platform.o
                0x00000e84                app_util_enable_irq
 .text.app_util_critical_region_enter
                0x00000e98        0x8 ./src/nrf/app_util_platform.o
                0x00000e98                app_util_critical_region_enter
 .text.app_util_critical_region_exit
                0x00000ea0        0x8 ./src/nrf/app_util_platform.o
                0x00000ea0                app_util_critical_region_exit
 .text.disk_status
                0x00000ea8        0xc ./src/nrf/diskio.o
                0x00000ea8                disk_status
 .text.disk_initialize
                0x00000eb4       0x24 ./src/nrf/diskio.o
                0x00000eb4                disk_initialize
 .text.disk_read
                0x00000ed8       0x18 ./src/nrf/diskio.o
                0x00000ed8                disk_read
 .text.disk_write
                0x00000ef0        0x4 ./src/nrf/diskio.o
                0x00000ef0                disk_write
 .text.disk_ioctl
                0x00000ef4        0x4 ./src/nrf/diskio.o
                0x00000ef4                disk_ioctl
 .text.ld_word  0x00000ef8        0xc ./src/nrf/ff.o
 .text.ld_dword
                0x00000f04       0x18 ./src/nrf/ff.o
 .text.st_word  0x00000f1c        0x8 ./src/nrf/ff.o
 .text.st_dword
                0x00000f24       0x14 ./src/nrf/ff.o
 .text.mem_cpy  0x00000f38       0x14 ./src/nrf/ff.o
 .text.mem_set  0x00000f4c        0xc ./src/nrf/ff.o
 .text.mem_cmp  0x00000f58       0x20 ./src/nrf/ff.o
 .text.chk_chr  0x00000f78       0x14 ./src/nrf/ff.o
 .text.clust2sect
                0x00000f8c       0x18 ./src/nrf/ff.o
 .text.ld_clust
                0x00000fa4       0x24 ./src/nrf/ff.o
 .text.st_clust
                0x00000fc8       0x24 ./src/nrf/ff.o
 .text.get_fileinfo
                0x00000fec       0x68 ./src/nrf/ff.o
 .text.create_name
                0x00001054       0xd4 ./src/nrf/ff.o
 .text.get_ldnumber
                0x00001128       0x58 ./src/nrf/ff.o
 .text.validate
                0x00001180       0x34 ./src/nrf/ff.o
 .text.sync_window
                0x000011b4       0x54 ./src/nrf/ff.o
 .text.move_window
                0x00001208       0x34 ./src/nrf/ff.o
 .text.check_fs
                0x0000123c       0x7c ./src/nrf/ff.o
 .text.find_volume
                0x000012b8      0x2d4 ./src/nrf/ff.o
 .text.put_fat  0x0000158c      0x108 ./src/nrf/ff.o
 .text.get_fat  0x00001694       0xd4 ./src/nrf/ff.o
 .text.dir_sdi  0x00001768       0xb4 ./src/nrf/ff.o
 .text.create_chain
                0x0000181c       0xd0 ./src/nrf/ff.o
 .text.remove_chain
                0x000018ec       0x7c ./src/nrf/ff.o
 .text.dir_next
                0x00001968      0x124 ./src/nrf/ff.o
 .text.dir_find
                0x00001a8c       0x58 ./src/nrf/ff.o
 .text.follow_path
                0x00001ae4       0x90 ./src/nrf/ff.o
 .text.dir_alloc
                0x00001b74       0x4c ./src/nrf/ff.o
 .text.dir_register
                0x00001bc0       0x3c ./src/nrf/ff.o
 .text.dir_read
                0x00001bfc       0x60 ./src/nrf/ff.o
 .text.sync_fs  0x00001c5c       0x8c ./src/nrf/ff.o
 .text.f_mount  0x00001ce8       0x58 ./src/nrf/ff.o
                0x00001ce8                f_mount
 .text.f_open   0x00001d40      0x1e0 ./src/nrf/ff.o
                0x00001d40                f_open
 .text.f_read   0x00001f20      0x174 ./src/nrf/ff.o
                0x00001f20                f_read
 .text.f_sync   0x00002094       0x9c ./src/nrf/ff.o
                0x00002094                f_sync
 .text.f_close  0x00002130       0x24 ./src/nrf/ff.o
                0x00002130                f_close
 .text.f_opendir
                0x00002154       0x74 ./src/nrf/ff.o
                0x00002154                f_opendir
 .text.f_readdir
                0x000021c8       0x4c ./src/nrf/ff.o
                0x000021c8                f_readdir
 .text          0x00002214       0x3c ./src/nrf/gcc_startup_nrf52.o
                0x00002214                Reset_Handler
                0x0000223c                NMI_Handler
                0x00002240                MemoryManagement_Handler
                0x00002242                BusFault_Handler
                0x00002244                UsageFault_Handler
                0x00002246                SVC_Handler
                0x00002248                DebugMon_Handler
                0x0000224a                PendSV_Handler
                0x0000224c                SysTick_Handler
                0x0000224e                QDEC_IRQHandler
                0x0000224e                TIMER3_IRQHandler
                0x0000224e                FPU_IRQHandler
                0x0000224e                SPIM0_SPIS0_TWIM0_TWIS0_SPI0_TWI0_IRQHandler
                0x0000224e                TEMP_IRQHandler
                0x0000224e                TIMER4_IRQHandler
                0x0000224e                I2S_IRQHandler
                0x0000224e                SWI4_EGU4_IRQHandler
                0x0000224e                TIMER0_IRQHandler
                0x0000224e                RADIO_IRQHandler
                0x0000224e                TIMER1_IRQHandler
                0x0000224e                RTC0_IRQHandler
                0x0000224e                ECB_IRQHandler
                0x0000224e                SPIM1_SPIS1_TWIM1_TWIS1_SPI1_TWI1_IRQHandler
                0x0000224e                Default_Handler
                0x0000224e                SAADC_IRQHandler
                0x0000224e                CCM_AAR_IRQHandler
                0x0000224e                WDT_IRQHandler
                0x0000224e                PWM1_IRQHandler
                0x0000224e                SWI5_EGU5_IRQHandler
                0x0000224e                RNG_IRQHandler
                0x0000224e                RTC2_IRQHandler
                0x0000224e                PWM0_IRQHandler
                0x0000224e                SWI3_EGU3_IRQHandler
                0x0000224e                SWI1_EGU1_IRQHandler
                0x0000224e                SPIM2_SPIS2_SPI2_IRQHandler
                0x0000224e                NFCT_IRQHandler
                0x0000224e                PWM2_IRQHandler
                0x0000224e                MWU_IRQHandler
                0x0000224e                TIMER2_IRQHandler
                0x0000224e                COMP_LPCOMP_IRQHandler
 .text.lfclk_start
                0x00002250       0x28 ./src/nrf/nrf_drv_clock.o
 .text.item_enqueue
                0x00002278       0x18 ./src/nrf/nrf_drv_clock.o
 .text.item_dequeue
                0x00002290        0xc ./src/nrf/nrf_drv_clock.o
 .text.nrf_drv_clock_init
                0x0000229c       0x44 ./src/nrf/nrf_drv_clock.o
                0x0000229c                nrf_drv_clock_init
 .text.nrf_drv_clock_lfclk_request
                0x000022e0       0x60 ./src/nrf/nrf_drv_clock.o
                0x000022e0                nrf_drv_clock_lfclk_request
 .text.POWER_CLOCK_IRQHandler
                0x00002340       0x80 ./src/nrf/nrf_drv_clock.o
                0x00002340                POWER_CLOCK_IRQHandler
 .text.nrf_drv_common_irq_enable
                0x000023c0       0x48 ./src/nrf/nrf_drv_common.o
                0x000023c0                nrf_drv_common_irq_enable
 .text.GPIOTE_IRQHandler
                0x00002408      0x200 ./src/nrf/nrf_drv_gpiote.o
                0x00002408                GPIOTE_IRQHandler
 .text.PDM_IRQHandler
                0x00002608       0xb8 ./src/nrf/nrf_drv_pdm.o
                0x00002608                PDM_IRQHandler
 .text.nrf_drv_pdm_init
                0x000026c0       0xd0 ./src/nrf/nrf_drv_pdm.o
                0x000026c0                nrf_drv_pdm_init
 .text.nrf_drv_pdm_start
                0x00002790       0x44 ./src/nrf/nrf_drv_pdm.o
                0x00002790                nrf_drv_pdm_start
 .text.UARTE0_UART0_IRQHandler
                0x000027d4      0x34c ./src/nrf/nrf_drv_uart.o
                0x000027d4                UARTE0_UART0_IRQHandler
 .text.sd_evt_get
                0x00002b20        0x4 ./src/nrf/softdevice_handler.o
 .text.intern_softdevice_events_execute
                0x00002b24       0x54 ./src/nrf/softdevice_handler.o
                0x00002b24                intern_softdevice_events_execute
 .text.SWI2_EGU2_IRQHandler
                0x00002b78       0x1c ./src/nrf/softdevice_handler.o
                0x00002b78                SWI2_EGU2_IRQHandler
 .text.errata_12
                0x00002b94       0x4c ./src/nrf/system_nrf52.o
 .text.errata_16
                0x00002be0       0x3c ./src/nrf/system_nrf52.o
 .text.errata_31
                0x00002c1c       0x4c ./src/nrf/system_nrf52.o
 .text.errata_32
                0x00002c68       0x3c ./src/nrf/system_nrf52.o
 .text.errata_36
                0x00002ca4       0x4c ./src/nrf/system_nrf52.o
 .text.errata_37
                0x00002cf0       0x3c ./src/nrf/system_nrf52.o
 .text.errata_57
                0x00002d2c       0x3c ./src/nrf/system_nrf52.o
 .text.errata_66
                0x00002d68       0x3c ./src/nrf/system_nrf52.o
 .text.errata_108
                0x00002da4       0x4c ./src/nrf/system_nrf52.o
 .text.SystemCoreClockUpdate
                0x00002df0       0x10 ./src/nrf/system_nrf52.o
                0x00002df0                SystemCoreClockUpdate
 .text.SystemInit
                0x00002e00      0x17c ./src/nrf/system_nrf52.o
                0x00002e00                SystemInit
 .text._ZN6Module14GetDataHandlerEPhh
                0x00002f7c        0x4 ./src/modules/LedModule.o
                0x00002f7c                Module::GetDataHandler(unsigned char*, unsigned char)
 .text._ZN6Module18SystemEventHandlerEm
                0x00002f80        0x4 ./src/modules/LedModule.o
                0x00002f80                Module::SystemEventHandler(unsigned long)
 .text.pdm_event_handler
                0x00002f84       0x24 ./src/modules/LedModule.o
                0x00002f84                pdm_event_handler
 .text._ZN9LedModule16performOperationEv
                0x00002fa8        0xc ./src/modules/LedModule.o
                0x00002fa8                LedModule::performOperation()
 .text._ZN9LedModule18immediateOperationEmm
                0x00002fb4        0x4 ./src/modules/LedModule.o
                0x00002fb4                LedModule::immediateOperation(unsigned long, unsigned long)
 .text._ZN9LedModuleD2Ev
                0x00002fb8       0x14 ./src/modules/LedModule.o
                0x00002fb8                LedModule::~LedModule()
                0x00002fb8                LedModule::~LedModule()
 .text._ZN9LedModuleD0Ev
                0x00002fcc       0x1c ./src/modules/LedModule.o
                0x00002fcc                LedModule::~LedModule()
 .text.pdm_init
                0x00002fe8       0x58 ./src/modules/LedModule.o
                0x00002fe8                pdm_init
 .text._ZN9LedModuleC2EP10LedWrapperPKcmm
                0x00003040      0x224 ./src/modules/LedModule.o
                0x00003040                LedModule::LedModule(LedWrapper*, char const*, unsigned long, unsigned long)
                0x00003040                LedModule::LedModule(LedWrapper*, char const*, unsigned long, unsigned long)
 .text._ZN9LedModule11clearScreenEv
                0x00003264       0x28 ./src/modules/LedModule.o
                0x00003264                LedModule::clearScreen()
 .text._ZN9LedModule10updateLedsEv
                0x0000328c       0xa4 ./src/modules/LedModule.o
                0x0000328c                LedModule::updateLeds()
 .text._ZN9LedModule7setLedsEPhm
                0x00003330       0x44 ./src/modules/LedModule.o
                0x00003330                LedModule::setLeds(unsigned char*, unsigned long)
 .text._ZN9LedModule10setAllLedsEhhh
                0x00003374       0x30 ./src/modules/LedModule.o
                0x00003374                LedModule::setAllLeds(unsigned char, unsigned char, unsigned char)
 .text._ZN9LedModule17TimerEventHandlerEt
                0x000033a4      0x284 ./src/modules/LedModule.o
                0x000033a4                LedModule::TimerEventHandler(unsigned short)
 .text._ZN9LedModule15startOperationsEv
                0x00003628       0xb0 ./src/modules/LedModule.o
                0x00003628                LedModule::startOperations()
 .text._ZN6Module17TimerEventHandlerEt
                0x000036d8        0x4 ./src/modules/Module.o
                0x000036d8                Module::TimerEventHandler(unsigned short)
 .text._ZN6Module15startOperationsEv
                0x000036dc        0x4 ./src/modules/Module.o
                0x000036dc                Module::startOperations()
 .text._ZN6Module16performOperationEv
                0x000036e0        0x4 ./src/modules/Module.o
                0x000036e0                Module::performOperation()
 .text._ZN6Module18immediateOperationEmm
                0x000036e4        0x4 ./src/modules/Module.o
                0x000036e4                Module::immediateOperation(unsigned long, unsigned long)
 .text._ZN6ModuleD2Ev
                0x000036e8        0xc ./src/modules/Module.o
                0x000036e8                Module::~Module()
                0x000036e8                Module::~Module()
 .text._ZN6ModuleD0Ev
                0x000036f4       0x14 ./src/modules/Module.o
                0x000036f4                Module::~Module()
 .text._ZN6ModuleC2EP10LedWrapperPKc
                0x00003708       0x28 ./src/modules/Module.o
                0x00003708                Module::Module(LedWrapper*, char const*)
                0x00003708                Module::Module(LedWrapper*, char const*)
 .text          0x00003730       0xf0 ./src/devices/NeoCore.o
                0x00003730                neo_out
 .text._ZN5fatfsC2EP7SPI_bush
                0x00003820       0x54 ./src/devices/fatfs.o
                0x00003820                fatfs::fatfs(SPI_bus*, unsigned char)
                0x00003820                fatfs::fatfs(SPI_bus*, unsigned char)
 .text._ZN5fatfs13__SD_Send_CmdEhm
                0x00003874      0x13c ./src/devices/fatfs.o
                0x00003874                fatfs::__SD_Send_Cmd(unsigned char, unsigned long)
 .text._ZN5fatfs4initEv
                0x000039b0      0x3a4 ./src/devices/fatfs.o
                0x000039b0                fatfs::init()
 .text._ZN5fatfs11read_sectorEPhm
                0x00003d54       0x68 ./src/devices/fatfs.o
                0x00003d54                fatfs::read_sector(unsigned char*, unsigned long)
 .text._ZN5fatfs12read_sectorsEPhmh
                0x00003dbc       0x30 ./src/devices/fatfs.o
                0x00003dbc                fatfs::read_sectors(unsigned char*, unsigned long, unsigned char)
 .text._ZN5fatfs20loadPixelDataFromBmpEP10frameCyclem
                0x00003dec       0xc8 ./src/devices/fatfs.o
                0x00003dec                fatfs::loadPixelDataFromBmp(frameCycle*, unsigned long)
 .text.c_create
                0x00003eb4        0xc ./src/devices/fatfs.o
                0x00003eb4                c_create
 .text.c_init   0x00003ec0        0x8 ./src/devices/fatfs.o
                0x00003ec0                c_init
 .text.c_read_sectors
                0x00003ec8        0x8 ./src/devices/fatfs.o
                0x00003ec8                c_read_sectors
 .text.app_led_timer_dispatch
                0x00003ed0       0x10 ./src/main.o
 .text._ZL13lfclk_requestv
                0x00003ee0       0x14 ./src/main.o
 .text._ZN4Conf11getInstanceEv
                0x00003ef4       0xa0 ./src/main.o
                0x00003ef4                Conf::getInstance()
 .text.HardFault_Handler
                0x00003f94       0xbc ./src/main.o
                0x00003f94                HardFault_Handler
 .text._Z10initTimersv
                0x00004050       0x30 ./src/main.o
                0x00004050                initTimers()
 .text._Z11startTimersm
                0x00004080       0xd4 ./src/main.o
                0x00004080                startTimers(unsigned long)
 .text.main     0x00004154       0x9c ./src/main.o
                0x00004154                main
 .text.arm_cfft_radix8by2_f32
                0x000041f0      0x1a4 C:\Users\johnr\dev\external\nrf5_sdk\components\toolchain\cmsis\dsp\GCC\libarm_cortexM4lf_math.a(arm_cfft_f32.o)
                0x000041f0                arm_cfft_radix8by2_f32
 .text.arm_cfft_radix8by4_f32
                0x00004394      0x4bc C:\Users\johnr\dev\external\nrf5_sdk\components\toolchain\cmsis\dsp\GCC\libarm_cortexM4lf_math.a(arm_cfft_f32.o)
                0x00004394                arm_cfft_radix8by4_f32
 .text.arm_cfft_f32
                0x00004850       0xf4 C:\Users\johnr\dev\external\nrf5_sdk\components\toolchain\cmsis\dsp\GCC\libarm_cortexM4lf_math.a(arm_cfft_f32.o)
                0x00004850                arm_cfft_f32
 .text.arm_cmplx_mag_f32
                0x00004944      0x1d0 C:\Users\johnr\dev\external\nrf5_sdk\components\toolchain\cmsis\dsp\GCC\libarm_cortexM4lf_math.a(arm_cmplx_mag_f32.o)
                0x00004944                arm_cmplx_mag_f32
 .text          0x00004b14       0xc0 C:\Users\johnr\dev\external\nrf5_sdk\components\toolchain\cmsis\dsp\GCC\libarm_cortexM4lf_math.a(arm_bitreversal2.o)
                0x00004b14                arm_bitreversal_32
                0x00004b7e                arm_bitreversal_16
 .text.arm_radix8_butterfly_f32
                0x00004bd4      0x5c4 C:\Users\johnr\dev\external\nrf5_sdk\components\toolchain\cmsis\dsp\GCC\libarm_cortexM4lf_math.a(arm_cfft_radix8_f32.o)
                0x00004bd4                arm_radix8_butterfly_f32
 .text._ZdaPv   0x00005198        0x4 c:/program files (x86)/gnu tools arm embedded/5.4 2016q3/bin/../lib/gcc/arm-none-eabi/5.4.1/../../../../arm-none-eabi/lib/armv7e-m/fpu\libstdc++_nano.a(del_opv.o)
                0x00005198                operator delete[](void*)
 .text._ZdlPv   0x0000519c        0x4 c:/program files (x86)/gnu tools arm embedded/5.4 2016q3/bin/../lib/gcc/arm-none-eabi/5.4.1/../../../../arm-none-eabi/lib/armv7e-m/fpu\libstdc++_nano.a(del_op.o)
                0x0000519c                operator delete(void*)
 .text._Znwj    0x000051a0       0x22 c:/program files (x86)/gnu tools arm embedded/5.4 2016q3/bin/../lib/gcc/arm-none-eabi/5.4.1/../../../../arm-none-eabi/lib/armv7e-m/fpu\libstdc++_nano.a(new_op.o)
                0x000051a0                operator new(unsigned int)
 .text._Znaj    0x000051c2        0x4 c:/program files (x86)/gnu tools arm embedded/5.4 2016q3/bin/../lib/gcc/arm-none-eabi/5.4.1/../../../../arm-none-eabi/lib/armv7e-m/fpu\libstdc++_nano.a(new_opv.o)
                0x000051c2                operator new[](unsigned int)
 *fill*         0x000051c6        0x2 
 .text._ZSt15get_new_handlerv
                0x000051c8       0x10 c:/program files (x86)/gnu tools arm embedded/5.4 2016q3/bin/../lib/gcc/arm-none-eabi/5.4.1/../../../../arm-none-eabi/lib/armv7e-m/fpu\libstdc++_nano.a(new_handler.o)
                0x000051c8                std::get_new_handler()
 .text.sqrtf    0x000051d8       0xac c:/program files (x86)/gnu tools arm embedded/5.4 2016q3/bin/../lib/gcc/arm-none-eabi/5.4.1/../../../../arm-none-eabi/lib/armv7e-m/fpu\libm.a(lib_a-wf_sqrt.o)
                0x000051d8                sqrtf
 .text.__ieee754_sqrtf
                0x00005284       0xa4 c:/program files (x86)/gnu tools arm embedded/5.4 2016q3/bin/../lib/gcc/arm-none-eabi/5.4.1/../../../../arm-none-eabi/lib/armv7e-m/fpu\libm.a(lib_a-ef_sqrt.o)
                0x00005284                __ieee754_sqrtf
 .text.matherr  0x00005328        0x4 c:/program files (x86)/gnu tools arm embedded/5.4 2016q3/bin/../lib/gcc/arm-none-eabi/5.4.1/../../../../arm-none-eabi/lib/armv7e-m/fpu\libm.a(lib_a-s_matherr.o)
                0x00005328                matherr
 .text          0x0000532c      0x370 c:/program files (x86)/gnu tools arm embedded/5.4 2016q3/bin/../lib/gcc/arm-none-eabi/5.4.1/armv7e-m/fpu\libgcc.a(_arm_addsubdf3.o)
                0x0000532c                __aeabi_drsub
                0x00005334                __aeabi_dsub
                0x00005334                __subdf3
                0x00005338                __aeabi_dadd
                0x00005338                __adddf3
                0x000055b0                __floatunsidf
                0x000055b0                __aeabi_ui2d
                0x000055d0                __floatsidf
                0x000055d0                __aeabi_i2d
                0x000055f4                __aeabi_f2d
                0x000055f4                __extendsfdf2
                0x00005630                __floatundidf
                0x00005630                __aeabi_ul2d
                0x00005640                __floatdidf
                0x00005640                __aeabi_l2d
 .text          0x0000569c      0x424 c:/program files (x86)/gnu tools arm embedded/5.4 2016q3/bin/../lib/gcc/arm-none-eabi/5.4.1/armv7e-m/fpu\libgcc.a(_arm_muldivdf3.o)
                0x0000569c                __aeabi_dmul
                0x0000569c                __muldf3
                0x000058f0                __divdf3
                0x000058f0                __aeabi_ddiv
 .text          0x00005ac0       0xa0 c:/program files (x86)/gnu tools arm embedded/5.4 2016q3/bin/../lib/gcc/arm-none-eabi/5.4.1/armv7e-m/fpu\libgcc.a(_arm_truncdfsf2.o)
                0x00005ac0                __truncdfsf2
                0x00005ac0                __aeabi_d2f
 .text          0x00005b60       0x30 c:/program files (x86)/gnu tools arm embedded/5.4 2016q3/bin/../lib/gcc/arm-none-eabi/5.4.1/armv7e-m/fpu\libgcc.a(_aeabi_uldivmod.o)
                0x00005b60                __aeabi_uldivmod
 .text          0x00005b90      0x2e4 c:/program files (x86)/gnu tools arm embedded/5.4 2016q3/bin/../lib/gcc/arm-none-eabi/5.4.1/armv7e-m/fpu\libgcc.a(_udivmoddi4.o)
                0x00005b90                __udivmoddi4
 .text          0x00005e74        0x4 c:/program files (x86)/gnu tools arm embedded/5.4 2016q3/bin/../lib/gcc/arm-none-eabi/5.4.1/armv7e-m/fpu\libgcc.a(_dvmd_tls.o)
                0x00005e74                __aeabi_idiv0
                0x00005e74                __aeabi_ldiv0
 .text.abort    0x00005e78        0xe c:/program files (x86)/gnu tools arm embedded/5.4 2016q3/bin/../lib/gcc/arm-none-eabi/5.4.1/../../../../arm-none-eabi/lib/armv7e-m/fpu\libg_nano.a(lib_a-abort.o)
                0x00005e78                abort
 *fill*         0x00005e86        0x2 
 .text.__errno  0x00005e88        0xc c:/program files (x86)/gnu tools arm embedded/5.4 2016q3/bin/../lib/gcc/arm-none-eabi/5.4.1/../../../../arm-none-eabi/lib/armv7e-m/fpu\libg_nano.a(lib_a-errno.o)
                0x00005e88                __errno
 .text.exit     0x00005e94       0x28 c:/program files (x86)/gnu tools arm embedded/5.4 2016q3/bin/../lib/gcc/arm-none-eabi/5.4.1/../../../../arm-none-eabi/lib/armv7e-m/fpu\libg_nano.a(lib_a-exit.o)
                0x00005e94                exit
 .text.__libc_init_array
                0x00005ebc       0x4c c:/program files (x86)/gnu tools arm embedded/5.4 2016q3/bin/../lib/gcc/arm-none-eabi/5.4.1/../../../../arm-none-eabi/lib/armv7e-m/fpu\libg_nano.a(lib_a-init.o)
                0x00005ebc                __libc_init_array
 .text.malloc   0x00005f08       0x10 c:/program files (x86)/gnu tools arm embedded/5.4 2016q3/bin/../lib/gcc/arm-none-eabi/5.4.1/../../../../arm-none-eabi/lib/armv7e-m/fpu\libg_nano.a(lib_a-malloc.o)
                0x00005f08                malloc
 .text.free     0x00005f18       0x10 c:/program files (x86)/gnu tools arm embedded/5.4 2016q3/bin/../lib/gcc/arm-none-eabi/5.4.1/../../../../arm-none-eabi/lib/armv7e-m/fpu\libg_nano.a(lib_a-malloc.o)
                0x00005f18                free
 .text.memcpy   0x00005f28       0x16 c:/program files (x86)/gnu tools arm embedded/5.4 2016q3/bin/../lib/gcc/arm-none-eabi/5.4.1/../../../../arm-none-eabi/lib/armv7e-m/fpu\libg_nano.a(lib_a-memcpy-stub.o)
                0x00005f28                memcpy
 .text.memset   0x00005f3e       0x10 c:/program files (x86)/gnu tools arm embedded/5.4 2016q3/bin/../lib/gcc/arm-none-eabi/5.4.1/../../../../arm-none-eabi/lib/armv7e-m/fpu\libg_nano.a(lib_a-memset.o)
                0x00005f3e                memset
 *fill*         0x00005f4e        0x2 
 .text._free_r  0x00005f50       0x9c c:/program files (x86)/gnu tools arm embedded/5.4 2016q3/bin/../lib/gcc/arm-none-eabi/5.4.1/../../../../arm-none-eabi/lib/armv7e-m/fpu\libg_nano.a(lib_a-nano-freer.o)
                0x00005f50                _free_r
 .text._malloc_r
                0x00005fec       0xbc c:/program files (x86)/gnu tools arm embedded/5.4 2016q3/bin/../lib/gcc/arm-none-eabi/5.4.1/../../../../arm-none-eabi/lib/armv7e-m/fpu\libg_nano.a(lib_a-nano-mallocr.o)
                0x00005fec                _malloc_r
 .text._sbrk_r  0x000060a8       0x20 c:/program files (x86)/gnu tools arm embedded/5.4 2016q3/bin/../lib/gcc/arm-none-eabi/5.4.1/../../../../arm-none-eabi/lib/armv7e-m/fpu\libg_nano.a(lib_a-sbrkr.o)
                0x000060a8                _sbrk_r
 .text._raise_r
                0x000060c8       0x54 c:/program files (x86)/gnu tools arm embedded/5.4 2016q3/bin/../lib/gcc/arm-none-eabi/5.4.1/../../../../arm-none-eabi/lib/armv7e-m/fpu\libg_nano.a(lib_a-signal.o)
                0x000060c8                _raise_r
 .text.raise    0x0000611c       0x10 c:/program files (x86)/gnu tools arm embedded/5.4 2016q3/bin/../lib/gcc/arm-none-eabi/5.4.1/../../../../arm-none-eabi/lib/armv7e-m/fpu\libg_nano.a(lib_a-signal.o)
                0x0000611c                raise
 .text._kill_r  0x0000612c       0x24 c:/program files (x86)/gnu tools arm embedded/5.4 2016q3/bin/../lib/gcc/arm-none-eabi/5.4.1/../../../../arm-none-eabi/lib/armv7e-m/fpu\libg_nano.a(lib_a-signalr.o)
                0x0000612c                _kill_r
 .text._getpid_r
                0x00006150        0x4 c:/program files (x86)/gnu tools arm embedded/5.4 2016q3/bin/../lib/gcc/arm-none-eabi/5.4.1/../../../../arm-none-eabi/lib/armv7e-m/fpu\libg_nano.a(lib_a-signalr.o)
                0x00006150                _getpid_r
 .text.__malloc_lock
                0x00006154        0x2 c:/program files (x86)/gnu tools arm embedded/5.4 2016q3/bin/../lib/gcc/arm-none-eabi/5.4.1/../../../../arm-none-eabi/lib/armv7e-m/fpu\libg_nano.a(lib_a-mlock.o)
                0x00006154                __malloc_lock
 .text.__malloc_unlock
                0x00006156        0x2 c:/program files (x86)/gnu tools arm embedded/5.4 2016q3/bin/../lib/gcc/arm-none-eabi/5.4.1/../../../../arm-none-eabi/lib/armv7e-m/fpu\libg_nano.a(lib_a-mlock.o)
                0x00006156                __malloc_unlock
 .text._getpid  0x00006158       0x10 c:/program files (x86)/gnu tools arm embedded/5.4 2016q3/bin/../lib/gcc/arm-none-eabi/5.4.1/../../../../arm-none-eabi/lib/armv7e-m/fpu\libnosys.a(getpid.o)
                0x00006158                _getpid
 .text._kill    0x00006168       0x10 c:/program files (x86)/gnu tools arm embedded/5.4 2016q3/bin/../lib/gcc/arm-none-eabi/5.4.1/../../../../arm-none-eabi/lib/armv7e-m/fpu\libnosys.a(kill.o)
                0x00006168                _kill
 .text._sbrk    0x00006178       0x1c c:/program files (x86)/gnu tools arm embedded/5.4 2016q3/bin/../lib/gcc/arm-none-eabi/5.4.1/../../../../arm-none-eabi/lib/armv7e-m/fpu\libnosys.a(sbrk.o)
                0x00006178                _sbrk
 .text._exit    0x00006194        0x4 c:/program files (x86)/gnu tools arm embedded/5.4 2016q3/bin/../lib/gcc/arm-none-eabi/5.4.1/../../../../arm-none-eabi/lib/armv7e-m/fpu\libnosys.a(_exit.o)
                0x00006194                _exit
 *(.init)
 .init          0x00006198        0x4 c:/program files (x86)/gnu tools arm embedded/5.4 2016q3/bin/../lib/gcc/arm-none-eabi/5.4.1/armv7e-m/fpu/crti.o
                0x00006198                _init
 .init          0x0000619c        0x8 c:/program files (x86)/gnu tools arm embedded/5.4 2016q3/bin/../lib/gcc/arm-none-eabi/5.4.1/armv7e-m/fpu/crtn.o
 *(.fini)
 .fini          0x000061a4        0x4 c:/program files (x86)/gnu tools arm embedded/5.4 2016q3/bin/../lib/gcc/arm-none-eabi/5.4.1/armv7e-m/fpu/crti.o
                0x000061a4                _fini
 .fini          0x000061a8        0x8 c:/program files (x86)/gnu tools arm embedded/5.4 2016q3/bin/../lib/gcc/arm-none-eabi/5.4.1/armv7e-m/fpu/crtn.o
 *crtbegin.o(.ctors)
 *crtbegin?.o(.ctors)
 *(EXCLUDE_FILE(*crtend.o *crtend?.o) .ctors)
 *(SORT(.ctors.*))
 *(.ctors)
 *crtbegin.o(.dtors)
 *crtbegin?.o(.dtors)
 *(EXCLUDE_FILE(*crtend.o *crtend?.o) .dtors)
 *(SORT(.dtors.*))
 *(.dtors)
 *(.rodata*)
 .rodata.ExCvt  0x000061b0       0x80 ./src/nrf/ff.o
 .rodata.str1.4
                0x00006230       0x44 ./src/nrf/ff.o
 .rodata._ZTV9LedModule
                0x00006274       0x28 ./src/modules/LedModule.o
                0x00006274                vtable for LedModule
 .rodata._ZTV6Module
                0x0000629c       0x28 ./src/modules/Module.o
                0x0000629c                vtable for Module
 .rodata        0x000062c4        0x2 ./src/devices/fatfs.o
 *fill*         0x000062c6        0x2 
 .rodata.str1.4
                0x000062c8        0xd ./src/devices/fatfs.o
                                 0x11 (size before relaxing)
 *fill*         0x000062d5        0x3 
 .rodata.str1.4
                0x000062d8        0x7 ./src/main.o
 *fill*         0x000062df        0x1 
 .rodata.arm_cfft_sR_f32_len256
                0x000062e0       0x10 C:\Users\johnr\dev\external\nrf5_sdk\components\toolchain\cmsis\dsp\GCC\libarm_cortexM4lf_math.a(arm_const_structs.o)
                0x000062e0                arm_cfft_sR_f32_len256
 .rodata.twiddleCoef_256
                0x000062f0      0x800 C:\Users\johnr\dev\external\nrf5_sdk\components\toolchain\cmsis\dsp\GCC\libarm_cortexM4lf_math.a(arm_common_tables.o)
                0x000062f0                twiddleCoef_256
 .rodata.armBitRevIndexTable256
                0x00006af0      0x370 C:\Users\johnr\dev\external\nrf5_sdk\components\toolchain\cmsis\dsp\GCC\libarm_cortexM4lf_math.a(arm_common_tables.o)
                0x00006af0                armBitRevIndexTable256
 .rodata.str1.4
                0x00006e60        0x8 c:/program files (x86)/gnu tools arm embedded/5.4 2016q3/bin/../lib/gcc/arm-none-eabi/5.4.1/../../../../arm-none-eabi/lib/armv7e-m/fpu\libm.a(lib_a-wf_sqrt.o)
                                  0x6 (size before relaxing)
 .rodata._global_impure_ptr
                0x00006e68        0x4 c:/program files (x86)/gnu tools arm embedded/5.4 2016q3/bin/../lib/gcc/arm-none-eabi/5.4.1/../../../../arm-none-eabi/lib/armv7e-m/fpu\libg_nano.a(lib_a-impure.o)
                0x00006e68                _global_impure_ptr
 *(.eh_frame*)
 .eh_frame      0x00006e6c        0x0 c:/program files (x86)/gnu tools arm embedded/5.4 2016q3/bin/../lib/gcc/arm-none-eabi/5.4.1/armv7e-m/fpu/crtbegin.o
 .eh_frame      0x00006e6c        0x4 c:/program files (x86)/gnu tools arm embedded/5.4 2016q3/bin/../lib/gcc/arm-none-eabi/5.4.1/armv7e-m/fpu/crtend.o

.glue_7         0x00006e70        0x0
 .glue_7        0x00006e70        0x0 linker stubs

.glue_7t        0x00006e70        0x0
 .glue_7t       0x00006e70        0x0 linker stubs

.vfp11_veneer   0x00006e70        0x0
 .vfp11_veneer  0x00006e70        0x0 linker stubs

.v4_bx          0x00006e70        0x0
 .v4_bx         0x00006e70        0x0 linker stubs

.iplt           0x00006e70        0x0
 .iplt          0x00006e70        0x0 c:/program files (x86)/gnu tools arm embedded/5.4 2016q3/bin/../lib/gcc/arm-none-eabi/5.4.1/armv7e-m/fpu/crtbegin.o

.ARM.extab
 *(.ARM.extab* .gnu.linkonce.armextab.*)
                0x00006e70                __exidx_start = .

.ARM.exidx      0x00006e70        0x8
 *(.ARM.exidx* .gnu.linkonce.armexidx.*)
 .ARM.exidx     0x00006e70        0x8 c:/program files (x86)/gnu tools arm embedded/5.4 2016q3/bin/../lib/gcc/arm-none-eabi/5.4.1/../../../../arm-none-eabi/lib/armv7e-m/fpu/crt0.o
 .ARM.exidx     0x00006e78        0x0 c:/program files (x86)/gnu tools arm embedded/5.4 2016q3/bin/../lib/gcc/arm-none-eabi/5.4.1/armv7e-m/fpu\libgcc.a(_udivmoddi4.o)
                                  0x8 (size before relaxing)
                0x00006e78                __exidx_end = .
                0x00006e78                __etext = .

.rel.dyn        0x00006e78        0x0
 .rel.iplt      0x00006e78        0x0 c:/program files (x86)/gnu tools arm embedded/5.4 2016q3/bin/../lib/gcc/arm-none-eabi/5.4.1/armv7e-m/fpu/crtbegin.o

.data           0x20000000       0x7c load address 0x00006e78
                0x20000000                __data_start__ = .
 *(vtable)
 *(.data*)
 .data.arm_disk_drive_status
                0x20000000        0x1 ./src/nrf/diskio.o
                0x20000000                arm_disk_drive_status
 *fill*         0x20000001        0x3 
 .data.SystemCoreClock
                0x20000004        0x4 ./src/nrf/system_nrf52.o
                0x20000004                SystemCoreClock
 .data.__fdlib_version
                0x20000008        0x1 c:/program files (x86)/gnu tools arm embedded/5.4 2016q3/bin/../lib/gcc/arm-none-eabi/5.4.1/../../../../arm-none-eabi/lib/armv7e-m/fpu\libm.a(lib_a-s_lib_ver.o)
                0x20000008                __fdlib_version
 *fill*         0x20000009        0x3 
 .data.impure_data
                0x2000000c       0x60 c:/program files (x86)/gnu tools arm embedded/5.4 2016q3/bin/../lib/gcc/arm-none-eabi/5.4.1/../../../../arm-none-eabi/lib/armv7e-m/fpu\libg_nano.a(lib_a-impure.o)
 .data._impure_ptr
                0x2000006c        0x4 c:/program files (x86)/gnu tools arm embedded/5.4 2016q3/bin/../lib/gcc/arm-none-eabi/5.4.1/../../../../arm-none-eabi/lib/armv7e-m/fpu\libg_nano.a(lib_a-impure.o)
                0x2000006c                _impure_ptr
                0x20000070                . = ALIGN (0x4)
                0x20000070                PROVIDE (__preinit_array_start, .)
 *(.preinit_array)
                0x20000070                PROVIDE (__preinit_array_end, .)
                0x20000070                . = ALIGN (0x4)
                0x20000070                PROVIDE (__init_array_start, .)
 *(SORT(.init_array.*))
 *(.init_array)
 .init_array    0x20000070        0x4 c:/program files (x86)/gnu tools arm embedded/5.4 2016q3/bin/../lib/gcc/arm-none-eabi/5.4.1/armv7e-m/fpu/crtbegin.o
                0x20000074                PROVIDE (__init_array_end, .)
                0x20000074                . = ALIGN (0x4)
                [!provide]                PROVIDE (__fini_array_start, .)
 *(SORT(.fini_array.*))
 *(.fini_array)
 .fini_array    0x20000074        0x4 c:/program files (x86)/gnu tools arm embedded/5.4 2016q3/bin/../lib/gcc/arm-none-eabi/5.4.1/armv7e-m/fpu/crtbegin.o
                [!provide]                PROVIDE (__fini_array_end, .)
 *(.jcr*)
 .jcr           0x20000078        0x0 c:/program files (x86)/gnu tools arm embedded/5.4 2016q3/bin/../lib/gcc/arm-none-eabi/5.4.1/armv7e-m/fpu/crtbegin.o
 .jcr           0x20000078        0x4 c:/program files (x86)/gnu tools arm embedded/5.4 2016q3/bin/../lib/gcc/arm-none-eabi/5.4.1/armv7e-m/fpu/crtend.o
                0x2000007c                . = ALIGN (0x4)
                0x2000007c                __data_end__ = .

.igot.plt       0x2000007c        0x0 load address 0x00006ef4
 .igot.plt      0x2000007c        0x0 c:/program files (x86)/gnu tools arm embedded/5.4 2016q3/bin/../lib/gcc/arm-none-eabi/5.4.1/armv7e-m/fpu/crtbegin.o

.bss            0x2000007c      0xa4c load address 0x00006ef4
                0x2000007c                . = ALIGN (0x4)
                0x2000007c                __bss_start__ = .
 *(.bss*)
 .bss           0x2000007c       0x1c c:/program files (x86)/gnu tools arm embedded/5.4 2016q3/bin/../lib/gcc/arm-none-eabi/5.4.1/armv7e-m/fpu/crtbegin.o
 .bss.m_ticks_latest
                0x20000098        0x4 ./src/nrf/app_timer.o
 .bss.mp_timer_id_head
                0x2000009c        0x4 ./src/nrf/app_timer.o
 .bss.m_ticks_elapsed_q_read_ind
                0x200000a0        0x1 ./src/nrf/app_timer.o
 .bss.m_ticks_elapsed_q_write_ind
                0x200000a1        0x1 ./src/nrf/app_timer.o
 .bss.m_rtc1_reset
                0x200000a2        0x1 ./src/nrf/app_timer.o
 *fill*         0x200000a3        0x1 
 .bss.m_op_queue
                0x200000a4      0x10c ./src/nrf/app_timer.o
 .bss.m_ticks_elapsed
                0x200001b0        0x8 ./src/nrf/app_timer.o
 .bss.m_rtc1_running
                0x200001b8        0x1 ./src/nrf/app_timer.o
 *fill*         0x200001b9        0x3 
 .bss.m_in_critical_region
                0x200001bc        0x4 ./src/nrf/app_util_platform.o
 .bss.p_disk_fs
                0x200001c0        0x4 ./src/nrf/diskio.o
 .bss.Fsid      0x200001c4        0x2 ./src/nrf/ff.o
 *fill*         0x200001c6        0x2 
 .bss.FatFs     0x200001c8        0x4 ./src/nrf/ff.o
 .bss.m_clock_cb
                0x200001cc       0x14 ./src/nrf/nrf_drv_clock.o
 .bss.m_cb      0x200001e0       0x48 ./src/nrf/nrf_drv_gpiote.o
 .bss.m_cb      0x20000228       0x14 ./src/nrf/nrf_drv_pdm.o
 .bss.m_cb      0x2000023c       0x20 ./src/nrf/nrf_drv_uart.o
 .bss.m_suspended
                0x2000025c        0x1 ./src/nrf/softdevice_handler.o
 .bss.m_softdevice_enabled
                0x2000025d        0x1 ./src/nrf/softdevice_handler.o
 *fill*         0x2000025e        0x2 
 .bss.m_sys_evt_handler
                0x20000260        0x4 ./src/nrf/softdevice_handler.o
 .bss.m_evt_schedule_func
                0x20000264        0x4 ./src/nrf/softdevice_handler.o
 .bss.mic_double_buffer
                0x20000268      0x800 ./src/modules/LedModule.o
                0x20000268                mic_double_buffer
 .bss.pPdmFilledBuffer
                0x20000a68        0x4 ./src/modules/LedModule.o
                0x20000a68                pPdmFilledBuffer
 .bss.neo_fio_reg
                0x20000a6c        0x4 ./src/modules/LedModule.o
                0x20000a6c                neo_fio_reg
 .bss.neo_bitmask
                0x20000a70        0x4 ./src/modules/LedModule.o
                0x20000a70                neo_bitmask
 .bss.neo_gpio_set_reg
                0x20000a74        0x4 ./src/modules/LedModule.o
                0x20000a74                neo_gpio_set_reg
 .bss.neo_gpio_clr_reg
                0x20000a78        0x4 ./src/modules/LedModule.o
                0x20000a78                neo_gpio_clr_reg
 .bss.pdmFilledBufferLen
                0x20000a7c        0x2 ./src/modules/LedModule.o
                0x20000a7c                pdmFilledBufferLen
 .bss.bFilledBuffer
                0x20000a7e        0x1 ./src/modules/LedModule.o
                0x20000a7e                bFilledBuffer
 *fill*         0x20000a7f        0x1 
 .bss._ZL4fs_s  0x20000a80        0x4 ./src/devices/fatfs.o
 .bss.mainModule
                0x20000a84        0x4 ./src/main.o
                0x20000a84                mainModule
 .bss._ZL13mainTimerMsId
                0x20000a88        0x4 ./src/main.o
 .bss._ZN4Conf8instanceE
                0x20000a8c        0x4 ./src/main.o
                0x20000a8c                Conf::instance
 .bss._ZL15timer_id_0_data
                0x20000a90       0x20 ./src/main.o
 .bss.pLed      0x20000ab0        0x4 ./src/main.o
                0x20000ab0                pLed
 .bss._ZN12_GLOBAL__N_113__new_handlerE
                0x20000ab4        0x4 c:/program files (x86)/gnu tools arm embedded/5.4 2016q3/bin/../lib/gcc/arm-none-eabi/5.4.1/../../../../arm-none-eabi/lib/armv7e-m/fpu\libstdc++_nano.a(new_handler.o)
 .bss.__malloc_sbrk_start
                0x20000ab8        0x4 c:/program files (x86)/gnu tools arm embedded/5.4 2016q3/bin/../lib/gcc/arm-none-eabi/5.4.1/../../../../arm-none-eabi/lib/armv7e-m/fpu\libg_nano.a(lib_a-nano-mallocr.o)
                0x20000ab8                __malloc_sbrk_start
 .bss.__malloc_free_list
                0x20000abc        0x4 c:/program files (x86)/gnu tools arm embedded/5.4 2016q3/bin/../lib/gcc/arm-none-eabi/5.4.1/../../../../arm-none-eabi/lib/armv7e-m/fpu\libg_nano.a(lib_a-nano-mallocr.o)
                0x20000abc                __malloc_free_list
 .bss.heap_end.4169
                0x20000ac0        0x4 c:/program files (x86)/gnu tools arm embedded/5.4 2016q3/bin/../lib/gcc/arm-none-eabi/5.4.1/../../../../arm-none-eabi/lib/armv7e-m/fpu\libnosys.a(sbrk.o)
 *(COMMON)
 COMMON         0x20000ac4        0x4 c:/program files (x86)/gnu tools arm embedded/5.4 2016q3/bin/../lib/gcc/arm-none-eabi/5.4.1/../../../../arm-none-eabi/lib/armv7e-m/fpu\libg_nano.a(lib_a-reent.o)
                0x20000ac4                errno
                0x20000ac8                . = ALIGN (0x4)
                0x20000ac8                __bss_end__ = .

.heap           0x20000ac8     0x2000
                0x20000ac8                __HeapBase = .
                0x20000ac8                __end__ = .
                0x20000ac8                PROVIDE (end, .)
 *(.heap*)
 .heap          0x20000ac8     0x2000 ./src/nrf/gcc_startup_nrf52.o
                0x20002ac8                __HeapLimit = .

.stack_dummy    0x20000ac8     0x2000
 *(.stack*)
 .stack         0x20000ac8     0x2000 ./src/nrf/gcc_startup_nrf52.o
                0x20010000                __StackTop = (ORIGIN (RAM) + LENGTH (RAM))
                0x2000e000                __StackLimit = (__StackTop - SIZEOF (.stack_dummy))
                0x20010000                PROVIDE (__stack, __StackTop)
                0x00000001                ASSERT ((__StackLimit >= __HeapLimit), region RAM overflowed with stack)
OUTPUT(NRF52_ws2812_driver.elf elf32-littlearm)

.ARM.attributes
                0x00000000       0x30
 .ARM.attributes
                0x00000000       0x22 c:/program files (x86)/gnu tools arm embedded/5.4 2016q3/bin/../lib/gcc/arm-none-eabi/5.4.1/armv7e-m/fpu/crti.o
 .ARM.attributes
                0x00000022       0x34 c:/program files (x86)/gnu tools arm embedded/5.4 2016q3/bin/../lib/gcc/arm-none-eabi/5.4.1/armv7e-m/fpu/crtbegin.o
 .ARM.attributes
                0x00000056       0x20 c:/program files (x86)/gnu tools arm embedded/5.4 2016q3/bin/../lib/gcc/arm-none-eabi/5.4.1/../../../../arm-none-eabi/lib/armv7e-m/fpu/crt0.o
 .ARM.attributes
                0x00000076       0x37 ./src/utility/LedWrapper.o
 .ARM.attributes
                0x000000ad       0x37 ./src/nrf51_peripherals/SPI_bus.o
 .ARM.attributes
                0x000000e4       0x37 ./src/nrf51_peripherals/SPI_slave.o
 .ARM.attributes
                0x0000011b       0x37 ./src/nrf/app_error.o
 .ARM.attributes
                0x00000152       0x37 ./src/nrf/app_error_weak.o
 .ARM.attributes
                0x00000189       0x37 ./src/nrf/app_timer.o
 .ARM.attributes
                0x000001c0       0x37 ./src/nrf/app_util_platform.o
 .ARM.attributes
                0x000001f7       0x37 ./src/nrf/diskio.o
 .ARM.attributes
                0x0000022e       0x37 ./src/nrf/ff.o
 .ARM.attributes
                0x00000265       0x20 ./src/nrf/gcc_startup_nrf52.o
 .ARM.attributes
                0x00000285       0x37 ./src/nrf/nrf_drv_clock.o
 .ARM.attributes
                0x000002bc       0x37 ./src/nrf/nrf_drv_common.o
 .ARM.attributes
                0x000002f3       0x37 ./src/nrf/nrf_drv_gpiote.o
 .ARM.attributes
                0x0000032a       0x37 ./src/nrf/nrf_drv_pdm.o
 .ARM.attributes
                0x00000361       0x37 ./src/nrf/nrf_drv_uart.o
 .ARM.attributes
                0x00000398       0x37 ./src/nrf/softdevice_handler.o
 .ARM.attributes
                0x000003cf       0x37 ./src/nrf/system_nrf52.o
 .ARM.attributes
                0x00000406       0x37 ./src/modules/LedModule.o
 .ARM.attributes
                0x0000043d       0x37 ./src/modules/Module.o
 .ARM.attributes
                0x00000474       0x25 ./src/devices/NeoCore.o
 .ARM.attributes
                0x00000499       0x37 ./src/devices/fatfs.o
 .ARM.attributes
                0x000004d0       0x37 ./src/main.o
 .ARM.attributes
                0x00000507       0x39 C:\Users\johnr\dev\external\nrf5_sdk\components\toolchain\cmsis\dsp\GCC\libarm_cortexM4lf_math.a(arm_const_structs.o)
 .ARM.attributes
                0x00000540       0x39 C:\Users\johnr\dev\external\nrf5_sdk\components\toolchain\cmsis\dsp\GCC\libarm_cortexM4lf_math.a(arm_common_tables.o)
 .ARM.attributes
                0x00000579       0x39 C:\Users\johnr\dev\external\nrf5_sdk\components\toolchain\cmsis\dsp\GCC\libarm_cortexM4lf_math.a(arm_cfft_f32.o)
 .ARM.attributes
                0x000005b2       0x39 C:\Users\johnr\dev\external\nrf5_sdk\components\toolchain\cmsis\dsp\GCC\libarm_cortexM4lf_math.a(arm_cmplx_mag_f32.o)
 .ARM.attributes
                0x000005eb       0x25 C:\Users\johnr\dev\external\nrf5_sdk\components\toolchain\cmsis\dsp\GCC\libarm_cortexM4lf_math.a(arm_bitreversal2.o)
 .ARM.attributes
                0x00000610       0x39 C:\Users\johnr\dev\external\nrf5_sdk\components\toolchain\cmsis\dsp\GCC\libarm_cortexM4lf_math.a(arm_cfft_radix8_f32.o)
 .ARM.attributes
                0x00000649       0x34 c:/program files (x86)/gnu tools arm embedded/5.4 2016q3/bin/../lib/gcc/arm-none-eabi/5.4.1/../../../../arm-none-eabi/lib/armv7e-m/fpu\libstdc++_nano.a(del_opv.o)
 .ARM.attributes
                0x0000067d       0x34 c:/program files (x86)/gnu tools arm embedded/5.4 2016q3/bin/../lib/gcc/arm-none-eabi/5.4.1/../../../../arm-none-eabi/lib/armv7e-m/fpu\libstdc++_nano.a(del_op.o)
 .ARM.attributes
                0x000006b1       0x34 c:/program files (x86)/gnu tools arm embedded/5.4 2016q3/bin/../lib/gcc/arm-none-eabi/5.4.1/../../../../arm-none-eabi/lib/armv7e-m/fpu\libstdc++_nano.a(new_op.o)
 .ARM.attributes
                0x000006e5       0x34 c:/program files (x86)/gnu tools arm embedded/5.4 2016q3/bin/../lib/gcc/arm-none-eabi/5.4.1/../../../../arm-none-eabi/lib/armv7e-m/fpu\libstdc++_nano.a(new_opv.o)
 .ARM.attributes
                0x00000719       0x34 c:/program files (x86)/gnu tools arm embedded/5.4 2016q3/bin/../lib/gcc/arm-none-eabi/5.4.1/../../../../arm-none-eabi/lib/armv7e-m/fpu\libstdc++_nano.a(new_handler.o)
 .ARM.attributes
                0x0000074d       0x34 c:/program files (x86)/gnu tools arm embedded/5.4 2016q3/bin/../lib/gcc/arm-none-eabi/5.4.1/../../../../arm-none-eabi/lib/armv7e-m/fpu\libm.a(lib_a-wf_sqrt.o)
 .ARM.attributes
                0x00000781       0x34 c:/program files (x86)/gnu tools arm embedded/5.4 2016q3/bin/../lib/gcc/arm-none-eabi/5.4.1/../../../../arm-none-eabi/lib/armv7e-m/fpu\libm.a(lib_a-ef_sqrt.o)
 .ARM.attributes
                0x000007b5       0x34 c:/program files (x86)/gnu tools arm embedded/5.4 2016q3/bin/../lib/gcc/arm-none-eabi/5.4.1/../../../../arm-none-eabi/lib/armv7e-m/fpu\libm.a(lib_a-s_lib_ver.o)
 .ARM.attributes
                0x000007e9       0x34 c:/program files (x86)/gnu tools arm embedded/5.4 2016q3/bin/../lib/gcc/arm-none-eabi/5.4.1/../../../../arm-none-eabi/lib/armv7e-m/fpu\libm.a(lib_a-s_matherr.o)
 .ARM.attributes
                0x0000081d       0x22 c:/program files (x86)/gnu tools arm embedded/5.4 2016q3/bin/../lib/gcc/arm-none-eabi/5.4.1/armv7e-m/fpu\libgcc.a(_arm_addsubdf3.o)
 .ARM.attributes
                0x0000083f       0x22 c:/program files (x86)/gnu tools arm embedded/5.4 2016q3/bin/../lib/gcc/arm-none-eabi/5.4.1/armv7e-m/fpu\libgcc.a(_arm_muldivdf3.o)
 .ARM.attributes
                0x00000861       0x22 c:/program files (x86)/gnu tools arm embedded/5.4 2016q3/bin/../lib/gcc/arm-none-eabi/5.4.1/armv7e-m/fpu\libgcc.a(_arm_truncdfsf2.o)
 .ARM.attributes
                0x00000883       0x22 c:/program files (x86)/gnu tools arm embedded/5.4 2016q3/bin/../lib/gcc/arm-none-eabi/5.4.1/armv7e-m/fpu\libgcc.a(_aeabi_uldivmod.o)
 .ARM.attributes
                0x000008a5       0x34 c:/program files (x86)/gnu tools arm embedded/5.4 2016q3/bin/../lib/gcc/arm-none-eabi/5.4.1/armv7e-m/fpu\libgcc.a(_udivmoddi4.o)
 .ARM.attributes
                0x000008d9       0x22 c:/program files (x86)/gnu tools arm embedded/5.4 2016q3/bin/../lib/gcc/arm-none-eabi/5.4.1/armv7e-m/fpu\libgcc.a(_dvmd_tls.o)
 .ARM.attributes
                0x000008fb       0x34 c:/program files (x86)/gnu tools arm embedded/5.4 2016q3/bin/../lib/gcc/arm-none-eabi/5.4.1/../../../../arm-none-eabi/lib/armv7e-m/fpu\libg_nano.a(lib_a-abort.o)
 .ARM.attributes
                0x0000092f       0x34 c:/program files (x86)/gnu tools arm embedded/5.4 2016q3/bin/../lib/gcc/arm-none-eabi/5.4.1/../../../../arm-none-eabi/lib/armv7e-m/fpu\libg_nano.a(lib_a-errno.o)
 .ARM.attributes
                0x00000963       0x34 c:/program files (x86)/gnu tools arm embedded/5.4 2016q3/bin/../lib/gcc/arm-none-eabi/5.4.1/../../../../arm-none-eabi/lib/armv7e-m/fpu\libg_nano.a(lib_a-exit.o)
 .ARM.attributes
                0x00000997       0x34 c:/program files (x86)/gnu tools arm embedded/5.4 2016q3/bin/../lib/gcc/arm-none-eabi/5.4.1/../../../../arm-none-eabi/lib/armv7e-m/fpu\libg_nano.a(lib_a-impure.o)
 .ARM.attributes
                0x000009cb       0x34 c:/program files (x86)/gnu tools arm embedded/5.4 2016q3/bin/../lib/gcc/arm-none-eabi/5.4.1/../../../../arm-none-eabi/lib/armv7e-m/fpu\libg_nano.a(lib_a-init.o)
 .ARM.attributes
                0x000009ff       0x34 c:/program files (x86)/gnu tools arm embedded/5.4 2016q3/bin/../lib/gcc/arm-none-eabi/5.4.1/../../../../arm-none-eabi/lib/armv7e-m/fpu\libg_nano.a(lib_a-malloc.o)
 .ARM.attributes
                0x00000a33       0x34 c:/program files (x86)/gnu tools arm embedded/5.4 2016q3/bin/../lib/gcc/arm-none-eabi/5.4.1/../../../../arm-none-eabi/lib/armv7e-m/fpu\libg_nano.a(lib_a-memcpy-stub.o)
 .ARM.attributes
                0x00000a67       0x34 c:/program files (x86)/gnu tools arm embedded/5.4 2016q3/bin/../lib/gcc/arm-none-eabi/5.4.1/../../../../arm-none-eabi/lib/armv7e-m/fpu\libg_nano.a(lib_a-memset.o)
 .ARM.attributes
                0x00000a9b       0x34 c:/program files (x86)/gnu tools arm embedded/5.4 2016q3/bin/../lib/gcc/arm-none-eabi/5.4.1/../../../../arm-none-eabi/lib/armv7e-m/fpu\libg_nano.a(lib_a-nano-freer.o)
 .ARM.attributes
                0x00000acf       0x34 c:/program files (x86)/gnu tools arm embedded/5.4 2016q3/bin/../lib/gcc/arm-none-eabi/5.4.1/../../../../arm-none-eabi/lib/armv7e-m/fpu\libg_nano.a(lib_a-nano-mallocr.o)
 .ARM.attributes
                0x00000b03       0x34 c:/program files (x86)/gnu tools arm embedded/5.4 2016q3/bin/../lib/gcc/arm-none-eabi/5.4.1/../../../../arm-none-eabi/lib/armv7e-m/fpu\libg_nano.a(lib_a-sbrkr.o)
 .ARM.attributes
                0x00000b37       0x34 c:/program files (x86)/gnu tools arm embedded/5.4 2016q3/bin/../lib/gcc/arm-none-eabi/5.4.1/../../../../arm-none-eabi/lib/armv7e-m/fpu\libg_nano.a(lib_a-signal.o)
 .ARM.attributes
                0x00000b6b       0x34 c:/program files (x86)/gnu tools arm embedded/5.4 2016q3/bin/../lib/gcc/arm-none-eabi/5.4.1/../../../../arm-none-eabi/lib/armv7e-m/fpu\libg_nano.a(lib_a-signalr.o)
 .ARM.attributes
                0x00000b9f       0x34 c:/program files (x86)/gnu tools arm embedded/5.4 2016q3/bin/../lib/gcc/arm-none-eabi/5.4.1/../../../../arm-none-eabi/lib/armv7e-m/fpu\libg_nano.a(lib_a-mlock.o)
 .ARM.attributes
                0x00000bd3       0x34 c:/program files (x86)/gnu tools arm embedded/5.4 2016q3/bin/../lib/gcc/arm-none-eabi/5.4.1/../../../../arm-none-eabi/lib/armv7e-m/fpu\libg_nano.a(lib_a-reent.o)
 .ARM.attributes
                0x00000c07       0x34 c:/program files (x86)/gnu tools arm embedded/5.4 2016q3/bin/../lib/gcc/arm-none-eabi/5.4.1/armv7e-m/fpu/crtend.o
 .ARM.attributes
                0x00000c3b       0x22 c:/program files (x86)/gnu tools arm embedded/5.4 2016q3/bin/../lib/gcc/arm-none-eabi/5.4.1/armv7e-m/fpu/crtn.o
 .ARM.attributes
                0x00000c5d       0x34 c:/program files (x86)/gnu tools arm embedded/5.4 2016q3/bin/../lib/gcc/arm-none-eabi/5.4.1/../../../../arm-none-eabi/lib/armv7e-m/fpu\libnosys.a(getpid.o)
 .ARM.attributes
                0x00000c91       0x34 c:/program files (x86)/gnu tools arm embedded/5.4 2016q3/bin/../lib/gcc/arm-none-eabi/5.4.1/../../../../arm-none-eabi/lib/armv7e-m/fpu\libnosys.a(kill.o)
 .ARM.attributes
                0x00000cc5       0x34 c:/program files (x86)/gnu tools arm embedded/5.4 2016q3/bin/../lib/gcc/arm-none-eabi/5.4.1/../../../../arm-none-eabi/lib/armv7e-m/fpu\libnosys.a(sbrk.o)
 .ARM.attributes
                0x00000cf9       0x34 c:/program files (x86)/gnu tools arm embedded/5.4 2016q3/bin/../lib/gcc/arm-none-eabi/5.4.1/../../../../arm-none-eabi/lib/armv7e-m/fpu\libnosys.a(_exit.o)

.comment        0x00000000       0xde
 .comment       0x00000000       0x6e ./src/utility/LedWrapper.o
                                 0x6f (size before relaxing)
 .comment       0x0000006e       0x6f ./src/nrf51_peripherals/SPI_bus.o
 .comment       0x0000006e       0x6f ./src/nrf51_peripherals/SPI_slave.o
 .comment       0x0000006e       0x6f ./src/nrf/app_error.o
 .comment       0x0000006e       0x6f ./src/nrf/app_error_weak.o
 .comment       0x0000006e       0x6f ./src/nrf/app_timer.o
 .comment       0x0000006e       0x6f ./src/nrf/app_util_platform.o
 .comment       0x0000006e       0x6f ./src/nrf/diskio.o
 .comment       0x0000006e       0x6f ./src/nrf/ff.o
 .comment       0x0000006e       0x6f ./src/nrf/nrf_drv_clock.o
 .comment       0x0000006e       0x6f ./src/nrf/nrf_drv_common.o
 .comment       0x0000006e       0x6f ./src/nrf/nrf_drv_gpiote.o
 .comment       0x0000006e       0x6f ./src/nrf/nrf_drv_pdm.o
 .comment       0x0000006e       0x6f ./src/nrf/nrf_drv_uart.o
 .comment       0x0000006e       0x6f ./src/nrf/softdevice_handler.o
 .comment       0x0000006e       0x6f ./src/nrf/system_nrf52.o
 .comment       0x0000006e       0x6f ./src/modules/LedModule.o
 .comment       0x0000006e       0x6f ./src/modules/Module.o
 .comment       0x0000006e       0x6f ./src/devices/fatfs.o
 .comment       0x0000006e       0x6f ./src/main.o
 .comment       0x0000006e       0x70 C:\Users\johnr\dev\external\nrf5_sdk\components\toolchain\cmsis\dsp\GCC\libarm_cortexM4lf_math.a(arm_const_structs.o)
                                 0x71 (size before relaxing)
 .comment       0x000000de       0x71 C:\Users\johnr\dev\external\nrf5_sdk\components\toolchain\cmsis\dsp\GCC\libarm_cortexM4lf_math.a(arm_common_tables.o)
 .comment       0x000000de       0x71 C:\Users\johnr\dev\external\nrf5_sdk\components\toolchain\cmsis\dsp\GCC\libarm_cortexM4lf_math.a(arm_cfft_f32.o)
 .comment       0x000000de       0x71 C:\Users\johnr\dev\external\nrf5_sdk\components\toolchain\cmsis\dsp\GCC\libarm_cortexM4lf_math.a(arm_cmplx_mag_f32.o)
 .comment       0x000000de       0x71 C:\Users\johnr\dev\external\nrf5_sdk\components\toolchain\cmsis\dsp\GCC\libarm_cortexM4lf_math.a(arm_cfft_radix8_f32.o)

.debug_info     0x00000000    0x20bd6
 .debug_info    0x00000000      0x49e ./src/utility/LedWrapper.o
 .debug_info    0x0000049e      0xa9f ./src/nrf51_peripherals/SPI_bus.o
 .debug_info    0x00000f3d      0xb37 ./src/nrf51_peripherals/SPI_slave.o
 .debug_info    0x00001a74      0x328 ./src/nrf/app_error.o
 .debug_info    0x00001d9c      0x317 ./src/nrf/app_error_weak.o
 .debug_info    0x000020b3     0x1727 ./src/nrf/app_timer.o
 .debug_info    0x000037da      0x743 ./src/nrf/app_util_platform.o
 .debug_info    0x00003f1d      0x2d7 ./src/nrf/diskio.o
 .debug_info    0x000041f4     0x345b ./src/nrf/ff.o
 .debug_info    0x0000764f       0x7e ./src/nrf/gcc_startup_nrf52.o
 .debug_info    0x000076cd     0x10d3 ./src/nrf/nrf_drv_clock.o
 .debug_info    0x000087a0      0x655 ./src/nrf/nrf_drv_common.o
 .debug_info    0x00008df5     0x24fe ./src/nrf/nrf_drv_gpiote.o
 .debug_info    0x0000b2f3     0x104f ./src/nrf/nrf_drv_pdm.o
 .debug_info    0x0000c342     0x455b ./src/nrf/nrf_drv_uart.o
 .debug_info    0x0001089d      0x956 ./src/nrf/softdevice_handler.o
 .debug_info    0x000111f3      0xb74 ./src/nrf/system_nrf52.o
 .debug_info    0x00011d67     0x4f71 ./src/modules/LedModule.o
 .debug_info    0x00016cd8     0x2458 ./src/modules/Module.o
 .debug_info    0x00019130       0x78 ./src/devices/NeoCore.o
 .debug_info    0x000191a8     0x1aa1 ./src/devices/fatfs.o
 .debug_info    0x0001ac49     0x3e0b ./src/main.o
 .debug_info    0x0001ea54      0x9f5 C:\Users\johnr\dev\external\nrf5_sdk\components\toolchain\cmsis\dsp\GCC\libarm_cortexM4lf_math.a(arm_const_structs.o)
 .debug_info    0x0001f449      0x99d C:\Users\johnr\dev\external\nrf5_sdk\components\toolchain\cmsis\dsp\GCC\libarm_cortexM4lf_math.a(arm_common_tables.o)
 .debug_info    0x0001fde6      0x6b9 C:\Users\johnr\dev\external\nrf5_sdk\components\toolchain\cmsis\dsp\GCC\libarm_cortexM4lf_math.a(arm_cfft_f32.o)
 .debug_info    0x0002049f      0x299 C:\Users\johnr\dev\external\nrf5_sdk\components\toolchain\cmsis\dsp\GCC\libarm_cortexM4lf_math.a(arm_cmplx_mag_f32.o)
 .debug_info    0x00020738       0x85 C:\Users\johnr\dev\external\nrf5_sdk\components\toolchain\cmsis\dsp\GCC\libarm_cortexM4lf_math.a(arm_bitreversal2.o)
 .debug_info    0x000207bd      0x419 C:\Users\johnr\dev\external\nrf5_sdk\components\toolchain\cmsis\dsp\GCC\libarm_cortexM4lf_math.a(arm_cfft_radix8_f32.o)

.debug_abbrev   0x00000000     0x4867
 .debug_abbrev  0x00000000      0x25f ./src/utility/LedWrapper.o
 .debug_abbrev  0x0000025f      0x316 ./src/nrf51_peripherals/SPI_bus.o
 .debug_abbrev  0x00000575      0x281 ./src/nrf51_peripherals/SPI_slave.o
 .debug_abbrev  0x000007f6      0x12b ./src/nrf/app_error.o
 .debug_abbrev  0x00000921      0x13a ./src/nrf/app_error_weak.o
 .debug_abbrev  0x00000a5b      0x3e9 ./src/nrf/app_timer.o
 .debug_abbrev  0x00000e44      0x206 ./src/nrf/app_util_platform.o
 .debug_abbrev  0x0000104a      0x12e ./src/nrf/diskio.o
 .debug_abbrev  0x00001178      0x1f0 ./src/nrf/ff.o
 .debug_abbrev  0x00001368       0x14 ./src/nrf/gcc_startup_nrf52.o
 .debug_abbrev  0x0000137c      0x3a8 ./src/nrf/nrf_drv_clock.o
 .debug_abbrev  0x00001724      0x180 ./src/nrf/nrf_drv_common.o
 .debug_abbrev  0x000018a4      0x427 ./src/nrf/nrf_drv_gpiote.o
 .debug_abbrev  0x00001ccb      0x31b ./src/nrf/nrf_drv_pdm.o
 .debug_abbrev  0x00001fe6      0x37b ./src/nrf/nrf_drv_uart.o
 .debug_abbrev  0x00002361      0x326 ./src/nrf/softdevice_handler.o
 .debug_abbrev  0x00002687      0x195 ./src/nrf/system_nrf52.o
 .debug_abbrev  0x0000281c      0x837 ./src/modules/LedModule.o
 .debug_abbrev  0x00003053      0x673 ./src/modules/Module.o
 .debug_abbrev  0x000036c6       0x14 ./src/devices/NeoCore.o
 .debug_abbrev  0x000036da      0x510 ./src/devices/fatfs.o
 .debug_abbrev  0x00003bea      0x7ee ./src/main.o
 .debug_abbrev  0x000043d8       0xa9 C:\Users\johnr\dev\external\nrf5_sdk\components\toolchain\cmsis\dsp\GCC\libarm_cortexM4lf_math.a(arm_const_structs.o)
 .debug_abbrev  0x00004481       0x84 C:\Users\johnr\dev\external\nrf5_sdk\components\toolchain\cmsis\dsp\GCC\libarm_cortexM4lf_math.a(arm_common_tables.o)
 .debug_abbrev  0x00004505      0x18b C:\Users\johnr\dev\external\nrf5_sdk\components\toolchain\cmsis\dsp\GCC\libarm_cortexM4lf_math.a(arm_cfft_f32.o)
 .debug_abbrev  0x00004690      0x11b C:\Users\johnr\dev\external\nrf5_sdk\components\toolchain\cmsis\dsp\GCC\libarm_cortexM4lf_math.a(arm_cmplx_mag_f32.o)
 .debug_abbrev  0x000047ab       0x14 C:\Users\johnr\dev\external\nrf5_sdk\components\toolchain\cmsis\dsp\GCC\libarm_cortexM4lf_math.a(arm_bitreversal2.o)
 .debug_abbrev  0x000047bf       0xa8 C:\Users\johnr\dev\external\nrf5_sdk\components\toolchain\cmsis\dsp\GCC\libarm_cortexM4lf_math.a(arm_cfft_radix8_f32.o)

.debug_loc      0x00000000     0xcaac
 .debug_loc     0x00000000      0x11f ./src/utility/LedWrapper.o
 .debug_loc     0x0000011f      0x5cf ./src/nrf51_peripherals/SPI_bus.o
 .debug_loc     0x000006ee      0x485 ./src/nrf51_peripherals/SPI_slave.o
 .debug_loc     0x00000b73      0x100 ./src/nrf/app_error.o
 .debug_loc     0x00000c73       0x42 ./src/nrf/app_error_weak.o
 .debug_loc     0x00000cb5      0xc0a ./src/nrf/app_timer.o
 .debug_loc     0x000018bf       0xe7 ./src/nrf/app_util_platform.o
 .debug_loc     0x000019a6      0x108 ./src/nrf/diskio.o
 .debug_loc     0x00001aae     0x35c7 ./src/nrf/ff.o
 .debug_loc     0x00005075      0x303 ./src/nrf/nrf_drv_clock.o
 .debug_loc     0x00005378       0xdf ./src/nrf/nrf_drv_common.o
 .debug_loc     0x00005457     0x1774 ./src/nrf/nrf_drv_gpiote.o
 .debug_loc     0x00006bcb      0x3e1 ./src/nrf/nrf_drv_pdm.o
 .debug_loc     0x00006fac     0x2682 ./src/nrf/nrf_drv_uart.o
 .debug_loc     0x0000962e      0x22c ./src/nrf/softdevice_handler.o
 .debug_loc     0x0000985a      0x61f ./src/modules/LedModule.o
 .debug_loc     0x00009e79      0x1a3 ./src/modules/Module.o
 .debug_loc     0x0000a01c      0x6f6 ./src/devices/fatfs.o
 .debug_loc     0x0000a712      0x25a ./src/main.o
 .debug_loc     0x0000a96c     0x1053 C:\Users\johnr\dev\external\nrf5_sdk\components\toolchain\cmsis\dsp\GCC\libarm_cortexM4lf_math.a(arm_cfft_f32.o)
 .debug_loc     0x0000b9bf      0x787 C:\Users\johnr\dev\external\nrf5_sdk\components\toolchain\cmsis\dsp\GCC\libarm_cortexM4lf_math.a(arm_cmplx_mag_f32.o)
 .debug_loc     0x0000c146      0x966 C:\Users\johnr\dev\external\nrf5_sdk\components\toolchain\cmsis\dsp\GCC\libarm_cortexM4lf_math.a(arm_cfft_radix8_f32.o)

.debug_aranges  0x00000000      0xb58
 .debug_aranges
                0x00000000       0x48 ./src/utility/LedWrapper.o
 .debug_aranges
                0x00000048       0x88 ./src/nrf51_peripherals/SPI_bus.o
 .debug_aranges
                0x000000d0       0x68 ./src/nrf51_peripherals/SPI_slave.o
 .debug_aranges
                0x00000138       0x30 ./src/nrf/app_error.o
 .debug_aranges
                0x00000168       0x20 ./src/nrf/app_error_weak.o
 .debug_aranges
                0x00000188      0x100 ./src/nrf/app_timer.o
 .debug_aranges
                0x00000288       0x48 ./src/nrf/app_util_platform.o
 .debug_aranges
                0x000002d0       0x40 ./src/nrf/diskio.o
 .debug_aranges
                0x00000310      0x1a0 ./src/nrf/ff.o
 .debug_aranges
                0x000004b0       0x20 ./src/nrf/gcc_startup_nrf52.o
 .debug_aranges
                0x000004d0       0xb0 ./src/nrf/nrf_drv_clock.o
 .debug_aranges
                0x00000580       0x28 ./src/nrf/nrf_drv_common.o
 .debug_aranges
                0x000005a8       0xe8 ./src/nrf/nrf_drv_gpiote.o
 .debug_aranges
                0x00000690       0x40 ./src/nrf/nrf_drv_pdm.o
 .debug_aranges
                0x000006d0       0x78 ./src/nrf/nrf_drv_uart.o
 .debug_aranges
                0x00000748       0x80 ./src/nrf/softdevice_handler.o
 .debug_aranges
                0x000007c8       0x70 ./src/nrf/system_nrf52.o
 .debug_aranges
                0x00000838       0xc8 ./src/modules/LedModule.o
 .debug_aranges
                0x00000900       0x78 ./src/modules/Module.o
 .debug_aranges
                0x00000978       0x20 ./src/devices/NeoCore.o
 .debug_aranges
                0x00000998       0x70 ./src/devices/fatfs.o
 .debug_aranges
                0x00000a08       0x90 ./src/main.o
 .debug_aranges
                0x00000a98       0x18 C:\Users\johnr\dev\external\nrf5_sdk\components\toolchain\cmsis\dsp\GCC\libarm_cortexM4lf_math.a(arm_const_structs.o)
 .debug_aranges
                0x00000ab0       0x18 C:\Users\johnr\dev\external\nrf5_sdk\components\toolchain\cmsis\dsp\GCC\libarm_cortexM4lf_math.a(arm_common_tables.o)
 .debug_aranges
                0x00000ac8       0x30 C:\Users\johnr\dev\external\nrf5_sdk\components\toolchain\cmsis\dsp\GCC\libarm_cortexM4lf_math.a(arm_cfft_f32.o)
 .debug_aranges
                0x00000af8       0x20 C:\Users\johnr\dev\external\nrf5_sdk\components\toolchain\cmsis\dsp\GCC\libarm_cortexM4lf_math.a(arm_cmplx_mag_f32.o)
 .debug_aranges
                0x00000b18       0x20 C:\Users\johnr\dev\external\nrf5_sdk\components\toolchain\cmsis\dsp\GCC\libarm_cortexM4lf_math.a(arm_bitreversal2.o)
 .debug_aranges
                0x00000b38       0x20 C:\Users\johnr\dev\external\nrf5_sdk\components\toolchain\cmsis\dsp\GCC\libarm_cortexM4lf_math.a(arm_cfft_radix8_f32.o)

.debug_ranges   0x00000000      0xb00
 .debug_ranges  0x00000000       0x38 ./src/utility/LedWrapper.o
 .debug_ranges  0x00000038       0x78 ./src/nrf51_peripherals/SPI_bus.o
 .debug_ranges  0x000000b0       0x58 ./src/nrf51_peripherals/SPI_slave.o
 .debug_ranges  0x00000108       0x20 ./src/nrf/app_error.o
 .debug_ranges  0x00000128       0x10 ./src/nrf/app_error_weak.o
 .debug_ranges  0x00000138      0x120 ./src/nrf/app_timer.o
 .debug_ranges  0x00000258       0x38 ./src/nrf/app_util_platform.o
 .debug_ranges  0x00000290       0x30 ./src/nrf/diskio.o
 .debug_ranges  0x000002c0      0x190 ./src/nrf/ff.o
 .debug_ranges  0x00000450       0xa0 ./src/nrf/nrf_drv_clock.o
 .debug_ranges  0x000004f0       0x18 ./src/nrf/nrf_drv_common.o
 .debug_ranges  0x00000508      0x140 ./src/nrf/nrf_drv_gpiote.o
 .debug_ranges  0x00000648       0x30 ./src/nrf/nrf_drv_pdm.o
 .debug_ranges  0x00000678       0xb8 ./src/nrf/nrf_drv_uart.o
 .debug_ranges  0x00000730       0x70 ./src/nrf/softdevice_handler.o
 .debug_ranges  0x000007a0       0x60 ./src/nrf/system_nrf52.o
 .debug_ranges  0x00000800       0xb8 ./src/modules/LedModule.o
 .debug_ranges  0x000008b8       0x68 ./src/modules/Module.o
 .debug_ranges  0x00000920       0x60 ./src/devices/fatfs.o
 .debug_ranges  0x00000980       0x80 ./src/main.o
 .debug_ranges  0x00000a00       0x20 C:\Users\johnr\dev\external\nrf5_sdk\components\toolchain\cmsis\dsp\GCC\libarm_cortexM4lf_math.a(arm_cfft_f32.o)
 .debug_ranges  0x00000a20       0xd0 C:\Users\johnr\dev\external\nrf5_sdk\components\toolchain\cmsis\dsp\GCC\libarm_cortexM4lf_math.a(arm_cmplx_mag_f32.o)
 .debug_ranges  0x00000af0       0x10 C:\Users\johnr\dev\external\nrf5_sdk\components\toolchain\cmsis\dsp\GCC\libarm_cortexM4lf_math.a(arm_cfft_radix8_f32.o)

.debug_macro    0x00000000    0x182e6
 .debug_macro   0x00000000       0xba ./src/utility/LedWrapper.o
 .debug_macro   0x000000ba      0x934 ./src/utility/LedWrapper.o
 .debug_macro   0x000009ee      0x34e ./src/utility/LedWrapper.o
 .debug_macro   0x00000d3c       0x2d ./src/utility/LedWrapper.o
 .debug_macro   0x00000d69       0x3b ./src/utility/LedWrapper.o
 .debug_macro   0x00000da4       0x50 ./src/utility/LedWrapper.o
 .debug_macro   0x00000df4      0xe66 ./src/utility/LedWrapper.o
 .debug_macro   0x00001c5a      0x392 ./src/utility/LedWrapper.o
 .debug_macro   0x00001fec       0x22 ./src/utility/LedWrapper.o
 .debug_macro   0x0000200e     0xcc8d ./src/utility/LedWrapper.o
 .debug_macro   0x0000ec9b     0x1313 ./src/utility/LedWrapper.o
 .debug_macro   0x0000ffae       0x82 ./src/utility/LedWrapper.o
 .debug_macro   0x00010030       0x22 ./src/utility/LedWrapper.o
 .debug_macro   0x00010052       0x10 ./src/utility/LedWrapper.o
 .debug_macro   0x00010062       0xb5 ./src/nrf51_peripherals/SPI_bus.o
 .debug_macro   0x00010117       0x1c ./src/nrf51_peripherals/SPI_bus.o
 .debug_macro   0x00010133       0xc8 ./src/nrf51_peripherals/SPI_slave.o
 .debug_macro   0x000101fb      0x2f7 ./src/nrf/app_error.o
 .debug_macro   0x000104f2      0x898 ./src/nrf/app_error.o
 .debug_macro   0x00010d8a       0x35 ./src/nrf/app_error.o
 .debug_macro   0x00010dbf      0xe66 ./src/nrf/app_error.o
 .debug_macro   0x00011c25       0x9c ./src/nrf/app_error.o
 .debug_macro   0x00011cc1       0x97 ./src/nrf/app_error.o
 .debug_macro   0x00011d58      0x30d ./src/nrf/app_error.o
 .debug_macro   0x00012065       0xfd ./src/nrf/app_error.o
 .debug_macro   0x00012162       0x43 ./src/nrf/app_error.o
 .debug_macro   0x000121a5       0x22 ./src/nrf/app_error.o
 .debug_macro   0x000121c7       0x35 ./src/nrf/app_error.o
 .debug_macro   0x000121fc       0x22 ./src/nrf/app_error.o
 .debug_macro   0x0001221e      0x497 ./src/nrf/app_error.o
 .debug_macro   0x000126b5       0x4b ./src/nrf/app_error.o
 .debug_macro   0x00012700       0x22 ./src/nrf/app_error.o
 .debug_macro   0x00012722      0x170 ./src/nrf/app_error.o
 .debug_macro   0x00012892       0x5e ./src/nrf/app_error.o
 .debug_macro   0x000128f0       0x28 ./src/nrf/app_error.o
 .debug_macro   0x00012918       0x22 ./src/nrf/app_error.o
 .debug_macro   0x0001293a      0x2ed ./src/nrf/app_error_weak.o
 .debug_macro   0x00012c27      0x363 ./src/nrf/app_timer.o
 .debug_macro   0x00012f8a       0x28 ./src/nrf/app_timer.o
 .debug_macro   0x00012fb2      0x27e ./src/nrf/app_util_platform.o
 .debug_macro   0x00013230       0x4f ./src/nrf/diskio.o
 .debug_macro   0x0001327f       0x8e ./src/nrf/diskio.o
 .debug_macro   0x0001330d      0x43e ./src/nrf/ff.o
 .debug_macro   0x0001374b       0xe9 ./src/nrf/ff.o
 .debug_macro   0x00013834       0xe7 ./src/nrf/ff.o
 .debug_macro   0x0001391b       0x94 ./src/nrf/ff.o
 .debug_macro   0x000139af      0x37a ./src/nrf/nrf_drv_clock.o
 .debug_macro   0x00013d29       0x10 ./src/nrf/nrf_drv_clock.o
 .debug_macro   0x00013d39       0x28 ./src/nrf/nrf_drv_clock.o
 .debug_macro   0x00013d61       0x1c ./src/nrf/nrf_drv_clock.o
 .debug_macro   0x00013d7d      0x2f2 ./src/nrf/nrf_drv_common.o
 .debug_macro   0x0001406f       0x22 ./src/nrf/nrf_drv_common.o
 .debug_macro   0x00014091      0x3e1 ./src/nrf/nrf_drv_gpiote.o
 .debug_macro   0x00014472      0x38f ./src/nrf/nrf_drv_pdm.o
 .debug_macro   0x00014801       0x16 ./src/nrf/nrf_drv_pdm.o
 .debug_macro   0x00014817       0x10 ./src/nrf/nrf_drv_pdm.o
 .debug_macro   0x00014827      0x3ce ./src/nrf/nrf_drv_uart.o
 .debug_macro   0x00014bf5      0x3d0 ./src/nrf/softdevice_handler.o
 .debug_macro   0x00014fc5      0x10e ./src/nrf/softdevice_handler.o
 .debug_macro   0x000150d3       0x8d ./src/nrf/softdevice_handler.o
 .debug_macro   0x00015160       0x10 ./src/nrf/softdevice_handler.o
 .debug_macro   0x00015170       0x40 ./src/nrf/softdevice_handler.o
 .debug_macro   0x000151b0       0x64 ./src/nrf/softdevice_handler.o
 .debug_macro   0x00015214       0x1c ./src/nrf/softdevice_handler.o
 .debug_macro   0x00015230       0xf7 ./src/nrf/softdevice_handler.o
 .debug_macro   0x00015327       0x16 ./src/nrf/softdevice_handler.o
 .debug_macro   0x0001533d       0x10 ./src/nrf/softdevice_handler.o
 .debug_macro   0x0001534d       0x16 ./src/nrf/softdevice_handler.o
 .debug_macro   0x00015363       0x22 ./src/nrf/softdevice_handler.o
 .debug_macro   0x00015385      0x176 ./src/nrf/softdevice_handler.o
 .debug_macro   0x000154fb       0xb2 ./src/nrf/system_nrf52.o
 .debug_macro   0x000155ad      0x8b0 ./src/modules/LedModule.o
 .debug_macro   0x00015e5d       0xc1 ./src/modules/LedModule.o
 .debug_macro   0x00015f1e       0x96 ./src/modules/LedModule.o
 .debug_macro   0x00015fb4       0x22 ./src/modules/LedModule.o
 .debug_macro   0x00015fd6       0x3c ./src/modules/LedModule.o
 .debug_macro   0x00016012      0x136 ./src/modules/LedModule.o
 .debug_macro   0x00016148      0x353 ./src/modules/LedModule.o
 .debug_macro   0x0001649b       0x1c ./src/modules/LedModule.o
 .debug_macro   0x000164b7       0x18 ./src/modules/LedModule.o
 .debug_macro   0x000164cf       0x6e ./src/modules/LedModule.o
 .debug_macro   0x0001653d       0x28 ./src/modules/LedModule.o
 .debug_macro   0x00016565       0x1f ./src/modules/LedModule.o
 .debug_macro   0x00016584       0x12 ./src/modules/LedModule.o
 .debug_macro   0x00016596       0x82 ./src/modules/LedModule.o
 .debug_macro   0x00016618       0x12 ./src/modules/LedModule.o
 .debug_macro   0x0001662a       0x12 ./src/modules/LedModule.o
 .debug_macro   0x0001663c       0x22 ./src/modules/LedModule.o
 .debug_macro   0x0001665e       0x3c ./src/modules/LedModule.o
 .debug_macro   0x0001669a       0x2c ./src/modules/LedModule.o
 .debug_macro   0x000166c6      0x15e ./src/modules/LedModule.o
 .debug_macro   0x00016824       0x46 ./src/modules/LedModule.o
 .debug_macro   0x0001686a       0x10 ./src/modules/LedModule.o
 .debug_macro   0x0001687a       0x5e ./src/modules/LedModule.o
 .debug_macro   0x000168d8       0x16 ./src/modules/LedModule.o
 .debug_macro   0x000168ee       0x4c ./src/modules/LedModule.o
 .debug_macro   0x0001693a       0x5e ./src/modules/LedModule.o
 .debug_macro   0x00016998       0x11 ./src/modules/LedModule.o
 .debug_macro   0x000169a9       0x2f ./src/modules/LedModule.o
 .debug_macro   0x000169d8       0x10 ./src/modules/LedModule.o
 .debug_macro   0x000169e8       0x17 ./src/modules/LedModule.o
 .debug_macro   0x000169ff       0x10 ./src/modules/LedModule.o
 .debug_macro   0x00016a0f       0x4f ./src/modules/LedModule.o
 .debug_macro   0x00016a5e       0xb8 ./src/modules/LedModule.o
 .debug_macro   0x00016b16       0xe0 ./src/modules/LedModule.o
 .debug_macro   0x00016bf6       0x88 ./src/modules/LedModule.o
 .debug_macro   0x00016c7e       0x10 ./src/modules/LedModule.o
 .debug_macro   0x00016c8e       0x17 ./src/modules/LedModule.o
 .debug_macro   0x00016ca5       0x28 ./src/modules/LedModule.o
 .debug_macro   0x00016ccd       0x1c ./src/modules/LedModule.o
 .debug_macro   0x00016ce9       0x2e ./src/modules/LedModule.o
 .debug_macro   0x00016d17       0x46 ./src/modules/LedModule.o
 .debug_macro   0x00016d5d       0x12 ./src/modules/LedModule.o
 .debug_macro   0x00016d6f      0x1da ./src/modules/LedModule.o
 .debug_macro   0x00016f49       0xd6 ./src/modules/LedModule.o
 .debug_macro   0x0001701f       0x76 ./src/modules/LedModule.o
 .debug_macro   0x00017095       0x95 ./src/modules/LedModule.o
 .debug_macro   0x0001712a      0x6a5 ./src/modules/Module.o
 .debug_macro   0x000177cf      0x147 ./src/devices/fatfs.o
 .debug_macro   0x00017916      0x9b4 ./src/main.o
 .debug_macro   0x000182ca       0x1c ./src/main.o

.debug_line     0x00000000     0xc3b0
 .debug_line    0x00000000      0x2df ./src/utility/LedWrapper.o
 .debug_line    0x000002df      0x3fc ./src/nrf51_peripherals/SPI_bus.o
 .debug_line    0x000006db      0x31d ./src/nrf51_peripherals/SPI_slave.o
 .debug_line    0x000009f8      0x610 ./src/nrf/app_error.o
 .debug_line    0x00001008      0x5d9 ./src/nrf/app_error_weak.o
 .debug_line    0x000015e1      0xa16 ./src/nrf/app_timer.o
 .debug_line    0x00001ff7      0x5d4 ./src/nrf/app_util_platform.o
 .debug_line    0x000025cb      0x12d ./src/nrf/diskio.o
 .debug_line    0x000026f8      0xd97 ./src/nrf/ff.o
 .debug_line    0x0000348f       0x6e ./src/nrf/gcc_startup_nrf52.o
 .debug_line    0x000034fd      0x89e ./src/nrf/nrf_drv_clock.o
 .debug_line    0x00003d9b      0x642 ./src/nrf/nrf_drv_common.o
 .debug_line    0x000043dd      0xc25 ./src/nrf/nrf_drv_gpiote.o
 .debug_line    0x00005002      0x83b ./src/nrf/nrf_drv_pdm.o
 .debug_line    0x0000583d      0xfb9 ./src/nrf/nrf_drv_uart.o
 .debug_line    0x000067f6      0x8e9 ./src/nrf/softdevice_handler.o
 .debug_line    0x000070df      0x33d ./src/nrf/system_nrf52.o
 .debug_line    0x0000741c     0x1405 ./src/modules/LedModule.o
 .debug_line    0x00008821      0xee6 ./src/modules/Module.o
 .debug_line    0x00009707       0xbf ./src/devices/NeoCore.o
 .debug_line    0x000097c6      0x4e4 ./src/devices/fatfs.o
 .debug_line    0x00009caa     0x13f4 ./src/main.o
 .debug_line    0x0000b09e      0x145 C:\Users\johnr\dev\external\nrf5_sdk\components\toolchain\cmsis\dsp\GCC\libarm_cortexM4lf_math.a(arm_const_structs.o)
 .debug_line    0x0000b1e3      0x12e C:\Users\johnr\dev\external\nrf5_sdk\components\toolchain\cmsis\dsp\GCC\libarm_cortexM4lf_math.a(arm_common_tables.o)
 .debug_line    0x0000b311      0x77e C:\Users\johnr\dev\external\nrf5_sdk\components\toolchain\cmsis\dsp\GCC\libarm_cortexM4lf_math.a(arm_cfft_f32.o)
 .debug_line    0x0000ba8f      0x20f C:\Users\johnr\dev\external\nrf5_sdk\components\toolchain\cmsis\dsp\GCC\libarm_cortexM4lf_math.a(arm_cmplx_mag_f32.o)
 .debug_line    0x0000bc9e       0x98 C:\Users\johnr\dev\external\nrf5_sdk\components\toolchain\cmsis\dsp\GCC\libarm_cortexM4lf_math.a(arm_bitreversal2.o)
 .debug_line    0x0000bd36      0x67a C:\Users\johnr\dev\external\nrf5_sdk\components\toolchain\cmsis\dsp\GCC\libarm_cortexM4lf_math.a(arm_cfft_radix8_f32.o)

.debug_str      0x00000000    0x7cd31
 .debug_str     0x00000000    0x5ac51 ./src/utility/LedWrapper.o
                              0x5b6c7 (size before relaxing)
 .debug_str     0x0005ac51      0x43c ./src/nrf51_peripherals/SPI_bus.o
                              0x5b9c0 (size before relaxing)
 .debug_str     0x0005b08d      0x541 ./src/nrf51_peripherals/SPI_slave.o
                              0x5be5b (size before relaxing)
 .debug_str     0x0005b5ce     0xbc42 ./src/nrf/app_error.o
                              0x66ffc (size before relaxing)
 .debug_str     0x00067210       0x84 ./src/nrf/app_error_weak.o
                              0x66f87 (size before relaxing)
 .debug_str     0x00067294      0xfb1 ./src/nrf/app_timer.o
                              0x66870 (size before relaxing)
 .debug_str     0x00068245      0x192 ./src/nrf/app_util_platform.o
                              0x61910 (size before relaxing)
 .debug_str     0x000683d7      0x285 ./src/nrf/diskio.o
                               0x28a9 (size before relaxing)
 .debug_str     0x0006865c     0x14f0 ./src/nrf/ff.o
                               0x3d93 (size before relaxing)
 .debug_str     0x00069b4c      0xa8c ./src/nrf/nrf_drv_clock.o
                              0x67fd9 (size before relaxing)
 .debug_str     0x0006a5d8      0x642 ./src/nrf/nrf_drv_common.o
                              0x66483 (size before relaxing)
 .debug_str     0x0006ac1a     0x18f9 ./src/nrf/nrf_drv_gpiote.o
                              0x6972d (size before relaxing)
 .debug_str     0x0006c513      0x6b9 ./src/nrf/nrf_drv_pdm.o
                              0x6860b (size before relaxing)
 .debug_str     0x0006cbcc     0x17db ./src/nrf/nrf_drv_uart.o
                              0x69a33 (size before relaxing)
 .debug_str     0x0006e3a7     0x18e6 ./src/nrf/softdevice_handler.o
                              0x68c53 (size before relaxing)
 .debug_str     0x0006fc8d      0x1c7 ./src/nrf/system_nrf52.o
                              0x5b58b (size before relaxing)
 .debug_str     0x0006fe54     0xb7b5 ./src/modules/LedModule.o
                              0x746e7 (size before relaxing)
 .debug_str     0x0007b609      0x28d ./src/modules/Module.o
                              0x6ee61 (size before relaxing)
 .debug_str     0x0007b896      0x206 ./src/devices/fatfs.o
                              0x5cac5 (size before relaxing)
 .debug_str     0x0007ba9c      0x788 ./src/main.o
                              0x7434d (size before relaxing)
 .debug_str     0x0007c224      0x787 C:\Users\johnr\dev\external\nrf5_sdk\components\toolchain\cmsis\dsp\GCC\libarm_cortexM4lf_math.a(arm_const_structs.o)
                                0x8dc (size before relaxing)
 .debug_str     0x0007c9ab      0x125 C:\Users\johnr\dev\external\nrf5_sdk\components\toolchain\cmsis\dsp\GCC\libarm_cortexM4lf_math.a(arm_common_tables.o)
                                0x704 (size before relaxing)
 .debug_str     0x0007cad0      0x112 C:\Users\johnr\dev\external\nrf5_sdk\components\toolchain\cmsis\dsp\GCC\libarm_cortexM4lf_math.a(arm_cfft_f32.o)
                                0x35f (size before relaxing)
 .debug_str     0x0007cbe2      0x10c C:\Users\johnr\dev\external\nrf5_sdk\components\toolchain\cmsis\dsp\GCC\libarm_cortexM4lf_math.a(arm_cmplx_mag_f32.o)
                                0x303 (size before relaxing)
 .debug_str     0x0007ccee       0x43 C:\Users\johnr\dev\external\nrf5_sdk\components\toolchain\cmsis\dsp\GCC\libarm_cortexM4lf_math.a(arm_cfft_radix8_f32.o)
                                0x256 (size before relaxing)

.debug_frame    0x00000000     0x2238
 .debug_frame   0x00000000       0x70 ./src/utility/LedWrapper.o
 .debug_frame   0x00000070      0x138 ./src/nrf51_peripherals/SPI_bus.o
 .debug_frame   0x000001a8      0x144 ./src/nrf51_peripherals/SPI_slave.o
 .debug_frame   0x000002ec       0x60 ./src/nrf/app_error.o
 .debug_frame   0x0000034c       0x20 ./src/nrf/app_error_weak.o
 .debug_frame   0x0000036c      0x2c8 ./src/nrf/app_timer.o
 .debug_frame   0x00000634       0x80 ./src/nrf/app_util_platform.o
 .debug_frame   0x000006b4       0x70 ./src/nrf/diskio.o
 .debug_frame   0x00000724      0x5fc ./src/nrf/ff.o
 .debug_frame   0x00000d20      0x18c ./src/nrf/nrf_drv_clock.o
 .debug_frame   0x00000eac       0x30 ./src/nrf/nrf_drv_common.o
 .debug_frame   0x00000edc      0x23c ./src/nrf/nrf_drv_gpiote.o
 .debug_frame   0x00001118       0x8c ./src/nrf/nrf_drv_pdm.o
 .debug_frame   0x000011a4      0x158 ./src/nrf/nrf_drv_uart.o
 .debug_frame   0x000012fc      0x114 ./src/nrf/softdevice_handler.o
 .debug_frame   0x00001410       0xc8 ./src/nrf/system_nrf52.o
 .debug_frame   0x000014d8      0x260 ./src/modules/LedModule.o
 .debug_frame   0x00001738       0xf8 ./src/modules/Module.o
 .debug_frame   0x00001830      0x158 ./src/devices/fatfs.o
 .debug_frame   0x00001988      0x168 ./src/main.o
 .debug_frame   0x00001af0       0xfc C:\Users\johnr\dev\external\nrf5_sdk\components\toolchain\cmsis\dsp\GCC\libarm_cortexM4lf_math.a(arm_cfft_f32.o)
 .debug_frame   0x00001bec       0x3c C:\Users\johnr\dev\external\nrf5_sdk\components\toolchain\cmsis\dsp\GCC\libarm_cortexM4lf_math.a(arm_cmplx_mag_f32.o)
 .debug_frame   0x00001c28       0x94 C:\Users\johnr\dev\external\nrf5_sdk\components\toolchain\cmsis\dsp\GCC\libarm_cortexM4lf_math.a(arm_cfft_radix8_f32.o)
 .debug_frame   0x00001cbc       0x20 c:/program files (x86)/gnu tools arm embedded/5.4 2016q3/bin/../lib/gcc/arm-none-eabi/5.4.1/../../../../arm-none-eabi/lib/armv7e-m/fpu\libstdc++_nano.a(del_opv.o)
 .debug_frame   0x00001cdc       0x20 c:/program files (x86)/gnu tools arm embedded/5.4 2016q3/bin/../lib/gcc/arm-none-eabi/5.4.1/../../../../arm-none-eabi/lib/armv7e-m/fpu\libstdc++_nano.a(del_op.o)
 .debug_frame   0x00001cfc       0x28 c:/program files (x86)/gnu tools arm embedded/5.4 2016q3/bin/../lib/gcc/arm-none-eabi/5.4.1/../../../../arm-none-eabi/lib/armv7e-m/fpu\libstdc++_nano.a(new_op.o)
 .debug_frame   0x00001d24       0x20 c:/program files (x86)/gnu tools arm embedded/5.4 2016q3/bin/../lib/gcc/arm-none-eabi/5.4.1/../../../../arm-none-eabi/lib/armv7e-m/fpu\libstdc++_nano.a(new_opv.o)
 .debug_frame   0x00001d44       0x30 c:/program files (x86)/gnu tools arm embedded/5.4 2016q3/bin/../lib/gcc/arm-none-eabi/5.4.1/../../../../arm-none-eabi/lib/armv7e-m/fpu\libstdc++_nano.a(new_handler.o)
 .debug_frame   0x00001d74       0x50 c:/program files (x86)/gnu tools arm embedded/5.4 2016q3/bin/../lib/gcc/arm-none-eabi/5.4.1/../../../../arm-none-eabi/lib/armv7e-m/fpu\libm.a(lib_a-wf_sqrt.o)
 .debug_frame   0x00001dc4       0x3c c:/program files (x86)/gnu tools arm embedded/5.4 2016q3/bin/../lib/gcc/arm-none-eabi/5.4.1/../../../../arm-none-eabi/lib/armv7e-m/fpu\libm.a(lib_a-ef_sqrt.o)
 .debug_frame   0x00001e00       0x20 c:/program files (x86)/gnu tools arm embedded/5.4 2016q3/bin/../lib/gcc/arm-none-eabi/5.4.1/../../../../arm-none-eabi/lib/armv7e-m/fpu\libm.a(lib_a-s_matherr.o)
 .debug_frame   0x00001e20       0x2c c:/program files (x86)/gnu tools arm embedded/5.4 2016q3/bin/../lib/gcc/arm-none-eabi/5.4.1/armv7e-m/fpu\libgcc.a(_aeabi_uldivmod.o)
 .debug_frame   0x00001e4c       0x34 c:/program files (x86)/gnu tools arm embedded/5.4 2016q3/bin/../lib/gcc/arm-none-eabi/5.4.1/armv7e-m/fpu\libgcc.a(_udivmoddi4.o)
 .debug_frame   0x00001e80       0x28 c:/program files (x86)/gnu tools arm embedded/5.4 2016q3/bin/../lib/gcc/arm-none-eabi/5.4.1/../../../../arm-none-eabi/lib/armv7e-m/fpu\libg_nano.a(lib_a-abort.o)
 .debug_frame   0x00001ea8       0x20 c:/program files (x86)/gnu tools arm embedded/5.4 2016q3/bin/../lib/gcc/arm-none-eabi/5.4.1/../../../../arm-none-eabi/lib/armv7e-m/fpu\libg_nano.a(lib_a-errno.o)
 .debug_frame   0x00001ec8       0x28 c:/program files (x86)/gnu tools arm embedded/5.4 2016q3/bin/../lib/gcc/arm-none-eabi/5.4.1/../../../../arm-none-eabi/lib/armv7e-m/fpu\libg_nano.a(lib_a-exit.o)
 .debug_frame   0x00001ef0       0x2c c:/program files (x86)/gnu tools arm embedded/5.4 2016q3/bin/../lib/gcc/arm-none-eabi/5.4.1/../../../../arm-none-eabi/lib/armv7e-m/fpu\libg_nano.a(lib_a-init.o)
 .debug_frame   0x00001f1c       0x30 c:/program files (x86)/gnu tools arm embedded/5.4 2016q3/bin/../lib/gcc/arm-none-eabi/5.4.1/../../../../arm-none-eabi/lib/armv7e-m/fpu\libg_nano.a(lib_a-malloc.o)
 .debug_frame   0x00001f4c       0x28 c:/program files (x86)/gnu tools arm embedded/5.4 2016q3/bin/../lib/gcc/arm-none-eabi/5.4.1/../../../../arm-none-eabi/lib/armv7e-m/fpu\libg_nano.a(lib_a-memcpy-stub.o)
 .debug_frame   0x00001f74       0x20 c:/program files (x86)/gnu tools arm embedded/5.4 2016q3/bin/../lib/gcc/arm-none-eabi/5.4.1/../../../../arm-none-eabi/lib/armv7e-m/fpu\libg_nano.a(lib_a-memset.o)
 .debug_frame   0x00001f94       0x38 c:/program files (x86)/gnu tools arm embedded/5.4 2016q3/bin/../lib/gcc/arm-none-eabi/5.4.1/../../../../arm-none-eabi/lib/armv7e-m/fpu\libg_nano.a(lib_a-nano-freer.o)
 .debug_frame   0x00001fcc       0x2c c:/program files (x86)/gnu tools arm embedded/5.4 2016q3/bin/../lib/gcc/arm-none-eabi/5.4.1/../../../../arm-none-eabi/lib/armv7e-m/fpu\libg_nano.a(lib_a-nano-mallocr.o)
 .debug_frame   0x00001ff8       0x2c c:/program files (x86)/gnu tools arm embedded/5.4 2016q3/bin/../lib/gcc/arm-none-eabi/5.4.1/../../../../arm-none-eabi/lib/armv7e-m/fpu\libg_nano.a(lib_a-sbrkr.o)
 .debug_frame   0x00002024       0xcc c:/program files (x86)/gnu tools arm embedded/5.4 2016q3/bin/../lib/gcc/arm-none-eabi/5.4.1/../../../../arm-none-eabi/lib/armv7e-m/fpu\libg_nano.a(lib_a-signal.o)
 .debug_frame   0x000020f0       0x3c c:/program files (x86)/gnu tools arm embedded/5.4 2016q3/bin/../lib/gcc/arm-none-eabi/5.4.1/../../../../arm-none-eabi/lib/armv7e-m/fpu\libg_nano.a(lib_a-signalr.o)
 .debug_frame   0x0000212c       0x30 c:/program files (x86)/gnu tools arm embedded/5.4 2016q3/bin/../lib/gcc/arm-none-eabi/5.4.1/../../../../arm-none-eabi/lib/armv7e-m/fpu\libg_nano.a(lib_a-mlock.o)